<!DOCTYPE html>
<html xmlns="http://www.w3.org/1999/xhtml" xmlns="http://www.w3.org/1999/html" xml:lang="en" lang="en">
<head>
    <title>Adding colours to participants</title>
    <link rel="stylesheet" href="style.css">
</head>
<body>
<main role="main">
    <span onclick="location.href='lsd-index.html';" title="back to index page" class="back_to_index"></span>
    <h1 class="logo">LSD</h1>
    <h1>Adding colours to participants</h1>
    <div class="contents">
        <h3>Contents</h3>
        <ul class="contents">
            
            <li class="success"><a href="#4">A Success scenario</a></li>
            
        </ul>
    </div>
    

    <article id="4">
        <span onclick="location.href='#top';" title="top of page" class="back_to_top"></span>
        <h2 class="success">A Success scenario</h2>
        <section class="description success">
            <h3 class="success">Description</h3>
            description
        </section>
        
        
        <section class="sequence diagram svg success">
            <h3 class="success">Sequence Diagram</h3>
            <figure><?xml version="1.0" encoding="us-ascii" standalone="no"?><svg xmlns="http://www.w3.org/2000/svg" xmlns:xlink="http://www.w3.org/1999/xlink" contentStyleType="text/css" height="322px" preserveAspectRatio="none" style="width:305px;height:322px;" version="1.1" viewBox="0 0 305 322" width="305px" zoomAndPan="magnify"><defs/><g><text fill="#000000" font-family="Verdana" font-size="22" font-weight="bold" lengthAdjust="spacing" textLength="185" x="64" y="37.1182">Adding colours</text><line style="stroke:#000000;stroke-width:1.0;" x1="30" x2="30" y1="130.752" y2="240.1499"/><line style="stroke:#000000;stroke-width:1.0;" x1="151.5" x2="151.5" y1="130.752" y2="240.1499"/><line style="stroke:#000000;stroke-width:1.0;" x1="286" x2="286" y1="130.752" y2="240.1499"/><text fill="#000000" font-family="Verdana" font-size="14" lengthAdjust="spacing" textLength="34" x="10" y="127.8125">Greg</text><ellipse cx="30" cy="61.7373" fill="#008000" rx="8" ry="8" style="stroke:#000000;stroke-width:1.0;"/><path d="M30,69.7373 L30,96.7373 M17,77.7373 L43,77.7373 M30,96.7373 L17,111.7373 M30,96.7373 L43,111.7373 " fill="none" style="stroke:#000000;stroke-width:1.0;"/><text fill="#000000" font-family="Verdana" font-size="14" lengthAdjust="spacing" textLength="34" x="10" y="253.2251">Greg</text><ellipse cx="30" cy="265.1646" fill="#008000" rx="8" ry="8" style="stroke:#000000;stroke-width:1.0;"/><path d="M30,273.1646 L30,300.1646 M17,281.1646 L43,281.1646 M30,300.1646 L17,315.1646 M30,300.1646 L43,315.1646 " fill="none" style="stroke:#000000;stroke-width:1.0;"/><text fill="#000000" font-family="Verdana" font-size="14" lengthAdjust="spacing" textLength="37" x="130.5" y="127.8125">Rosie</text><path d="M131.5,85.7373 L131.5,109.7373 M131.5,97.7373 L148.5,97.7373 " fill="none" style="stroke:#000000;stroke-width:1.0;"/><ellipse cx="160.5" cy="97.7373" fill="#FF0000" rx="12" ry="12" style="stroke:#000000;stroke-width:1.0;"/><text fill="#000000" font-family="Verdana" font-size="14" lengthAdjust="spacing" textLength="37" x="130.5" y="253.2251">Rosie</text><path d="M131.5,260.1646 L131.5,284.1646 M131.5,272.1646 L148.5,272.1646 " fill="none" style="stroke:#000000;stroke-width:1.0;"/><ellipse cx="160.5" cy="272.1646" fill="#FF0000" rx="12" ry="12" style="stroke:#000000;stroke-width:1.0;"/><text fill="#000000" font-family="Verdana" font-size="14" lengthAdjust="spacing" textLength="30" x="268" y="127.8125">Bart</text><ellipse cx="286" cy="97.7373" fill="#0000FF" rx="12" ry="12" style="stroke:#000000;stroke-width:1.0;"/><polygon fill="#000000" points="282,85.7373,288,80.7373,286,85.7373,288,90.7373,282,85.7373" style="stroke:#000000;stroke-width:1.0;"/><text fill="#000000" font-family="Verdana" font-size="14" lengthAdjust="spacing" textLength="30" x="268" y="253.2251">Bart</text><ellipse cx="286" cy="272.1646" fill="#0000FF" rx="12" ry="12" style="stroke:#000000;stroke-width:1.0;"/><polygon fill="#000000" points="282,260.1646,288,255.1646,286,260.1646,288,265.1646,282,260.1646" style="stroke:#000000;stroke-width:1.0;"/><polygon fill="#000000" points="140,158.5513,150,162.5513,140,166.5513,144,162.5513" style="stroke:#000000;stroke-width:1.0;"/><line style="stroke:#000000;stroke-width:1.0;" x1="30" x2="146" y1="162.5513" y2="162.5513"/><a href="#1" target="_top" title="Roses are red!" xlink:actuate="onRequest" xlink:href="#1" xlink:show="new" xlink:title="Roses are red!" xlink:type="simple"><text fill="" font-family="Verdana" font-size="13" lengthAdjust="spacing" text-decoration="underline" textLength="98" x="37" y="157.8218">Roses are red!</text></a><polygon fill="#000000" points="274,188.3506,284,192.3506,274,196.3506,278,192.3506" style="stroke:#000000;stroke-width:1.0;"/><line style="stroke:#000000;stroke-width:1.0;" x1="152" x2="280" y1="192.3506" y2="192.3506"/><a href="#2" target="_top" title="Voilets are blue!" xlink:actuate="onRequest" xlink:href="#2" xlink:show="new" xlink:title="Voilets are blue!" xlink:type="simple"><text fill="" font-family="Verdana" font-size="13" lengthAdjust="spacing" text-decoration="underline" textLength="110" x="159" y="187.6211">Voilets are blue!</text></a><polygon fill="#000000" points="41,218.1499,31,222.1499,41,226.1499,37,222.1499" style="stroke:#000000;stroke-width:1.0;"/><line style="stroke:#000000;stroke-width:1.0;" x1="35" x2="285" y1="222.1499" y2="222.1499"/><a href="#3" target="_top" title="Grass is green?" xlink:actuate="onRequest" xlink:href="#3" xlink:show="new" xlink:title="Grass is green?" xlink:type="simple"><text fill="" font-family="Verdana" font-size="13" lengthAdjust="spacing" text-decoration="underline" textLength="104" x="47" y="217.4204">Grass is green?</text></a></g></svg></figure>
            <div onclick="location.href='#!';" id="5" class="overlay">
                <div class="popup" onclick="event.stopPropagation();">
                    <h2>PlantUml markup</h2>
                    <span class="copy" title="copy" onclick="copyToClipboard('sequence_uml_code5')"></span>
                    <a class="close" href="#!">&times;</a>
                    <div class="content">
                        <pre><code id="sequence_uml_code5">@startuml

!theme plain

skinparam backgroundColor transparent

hide unlinked




actor Greg #green

boundary Rosie #red

control Bart #blue




title Adding colours


Greg -&gt; Rosie: &lt;text fill&#x3D;&quot;&quot;&gt;[[#1 {Roses are red!} Roses are red!]]&lt;/text&gt;

Rosie -&gt; Bart: &lt;text fill&#x3D;&quot;&quot;&gt;[[#2 {Voilets are blue!} Voilets are blue!]]&lt;/text&gt;

Bart -&gt; Greg: &lt;text fill&#x3D;&quot;&quot;&gt;[[#3 {Grass is green?} Grass is green?]]&lt;/text&gt;


@enduml</code></pre>
                    </div>
                </div>
            </div>
            <sub><a href="#5">[source]</a></sub>
            <sub><a href="#6">[component diagram]</a></sub>
        </section>
        <!-- Popup for component diagram -->
        <div onclick="location.href='#!';" id="6" class="overlay">
            <div class="popup" onclick="event.stopPropagation();">
                <h2>Component Diagram</h2>
                <a class="close" href="#!">&times;</a>
                <div class="content">
                    <pre><?xml version="1.0" encoding="us-ascii" standalone="no"?><svg xmlns="http://www.w3.org/2000/svg" xmlns:xlink="http://www.w3.org/1999/xlink" contentStyleType="text/css" height="270px" preserveAspectRatio="none" style="width:88px;height:270px;" version="1.1" viewBox="0 0 88 270" width="88px" zoomAndPan="magnify"><defs/><g><!--entity Greg--><g id="elem_Greg"><ellipse cx="61.5" cy="26" fill="#008000" rx="8" ry="8" style="stroke:#000000;stroke-width:1.0;"/><path d="M61.5,34 L61.5,61 M48.5,42 L74.5,42 M61.5,61 L48.5,76 M61.5,61 L74.5,76 " fill="none" style="stroke:#000000;stroke-width:1.0;"/><text fill="#000000" font-family="Verdana" font-size="14" lengthAdjust="spacing" textLength="34" x="44.5" y="92.0752">Greg</text></g><!--entity Rosie--><g id="elem_Rosie"><path d="M15,135 L15,159 M15,147 L32,147 " fill="none" style="stroke:#000000;stroke-width:1.0;"/><ellipse cx="44" cy="147" fill="#FF0000" rx="12" ry="12" style="stroke:#000000;stroke-width:1.0;"/><text fill="#000000" font-family="Verdana" font-size="14" lengthAdjust="spacing" textLength="37" x="17" y="177.0752">Rosie</text></g><!--entity Bart--><g id="elem_Bart"><ellipse cx="61.5" cy="232" fill="#0000FF" rx="12" ry="12" style="stroke:#000000;stroke-width:1.0;"/><polygon fill="#000000" points="57.5,220,63.5,215,61.5,220,63.5,225,57.5,220" style="stroke:#000000;stroke-width:1.0;"/><text fill="#000000" font-family="Verdana" font-size="14" lengthAdjust="spacing" textLength="30" x="46.5" y="262.0752">Bart</text></g><path d="M51.2987,95.2547 C48.0835,107.3118 44.6285,120.2681 41.7719,130.9805 " fill="none" style="stroke:#000000;stroke-width:1.0;"/><polygon fill="#000000" points="41.7719,130.9805,47.9558,123.3151,43.0602,126.1493,40.2259,121.2538,41.7719,130.9805" style="stroke:#000000;stroke-width:1.0;"/><path d="M42.881,180.0625 C46.3941,191.2773 50.5851,204.6562 54.1005,215.8786 " fill="none" style="stroke:#000000;stroke-width:1.0;"/><polygon fill="#000000" points="54.1005,215.8786,55.2273,206.0944,52.6059,211.1073,47.5931,208.4859,54.1005,215.8786" style="stroke:#000000;stroke-width:1.0;"/><path d="M65.4213,215.8316 C67.0334,204.9512 68.7066,191.8555 69.5,180 C70.9542,158.2708 70.6721,152.7462 69.5,131 C68.8741,119.387 67.6995,106.7933 66.4394,95.3437 " fill="none" style="stroke:#000000;stroke-width:1.0;"/><polygon fill="#000000" points="66.4394,95.3437,63.448,104.7273,66.9864,100.3137,71.4,103.8521,66.4394,95.3437" style="stroke:#000000;stroke-width:1.0;"/></g></svg></pre>
                </div>
                <sub><a href="#uml6">[source]</a></sub>
            </div>
        </div>
        <!-- Popup for component diagram UML via component diagram popup -->
        <div onclick="location.href='#!';" id="uml6" class="overlay">
            <div class="popup" onclick="event.stopPropagation();">
                <h2>PlantUml markup</h2>
                <span class="copy" title="copy" onclick="copyToClipboard('component_uml_code6')"></span>
                <a class="close" href="#6">&times;</a><!--show previous popup on close-->
                <div class="content">
                    <pre><code id="component_uml_code6">@startuml
!pragma layout smetana
!theme plain
skinparam backgroundColor transparent

actor Greg #green
boundary Rosie #red
control Bart #blue


[Greg] --&gt; Rosie
[Rosie] --&gt; Bart
[Bart] --&gt; Greg


remove @unlinked
@enduml</code></pre>
                </div>
            </div>
        </div>
        <!-- Section containing data for sequence diagram popups -->
        
        <div onclick="location.href='#!';" id="1" class="overlay">
            <div class="popup" onclick="event.stopPropagation();">
                <h2>Roses are red!</h2>
                <a class="close" href="#!">&times;</a>
                <div class="content">
                    <pre></pre>
                </div>
            </div>
        </div>
        
        <div onclick="location.href='#!';" id="2" class="overlay">
            <div class="popup" onclick="event.stopPropagation();">
                <h2>Voilets are blue!</h2>
                <a class="close" href="#!">&times;</a>
                <div class="content">
                    <pre></pre>
                </div>
            </div>
        </div>
        
        <div onclick="location.href='#!';" id="3" class="overlay">
            <div class="popup" onclick="event.stopPropagation();">
                <h2>Grass is green?</h2>
                <a class="close" href="#!">&times;</a>
                <div class="content">
                    <pre></pre>
                </div>
            </div>
        </div>
        
        
    </article>
    
</main>
</body>
<footer>
    <script type = "text/javascript" src = "https://d3js.org/d3.v4.min.js"></script>
    <link rel="stylesheet" href="https://cdn.jsdelivr.net/gh/highlightjs/cdn-release@11.0.0/build/styles/default.min.css">
    <script src="custom.js"></script>
    <script language = "javascript">
        addSliderForSvgZoom();
        highlightLifelinesWhenClicked();
    </script>
    <script src="https://cdn.jsdelivr.net/gh/highlightjs/cdn-release@11.0.0/build/highlight.min.js"></script>
    <script>hljs.highlightAll();</script>
    <script src="https://cdnjs.cloudflare.com/ajax/libs/mark.js/8.11.1/mark.min.js"></script>
    <script>
        highlightKeywords();
        
            
        
        unMarkSvg();
    </script>
</footer>
</html>
