<!DOCTYPE html>
<html xmlns="http://www.w3.org/1999/xhtml" xmlns="http://www.w3.org/1999/html" xml:lang="en" lang="en">
<head>
    <title>Split by NewPage Report</title>
    <link rel="stylesheet" href="style.css">
</head>
<body>
<main role="main">
    <span onclick="location.href='lsd-index.html';" title="back to index page" class="back_to_index"></span>
    <h1 class="logo">LSD</h1>
    <h1>Split by NewPage Report</h1>
    <div class="contents">
        <h3>Contents</h3>
        <ul class="contents">
            
            <li class="success"><a href="#4">A Success scenario</a></li>
            
        </ul>
    </div>
    

    <article id="4">
        <span onclick="location.href='#top';" title="top of page" class="back_to_top"></span>
        <h2 class="success">A Success scenario</h2>
        <section class="description success">
            <h3 class="success">Description</h3>
            Given a first scenario description<br/>When something happens<br/>Then something else happens
        </section>
        
        
        <section class="sequence diagram svg success">
            <h3 class="success">Sequence Diagram</h3>
            <figure><?xml version="1.0" encoding="us-ascii" standalone="no"?><svg xmlns="http://www.w3.org/2000/svg" xmlns:xlink="http://www.w3.org/1999/xlink" contentStyleType="text/css" height="262px" preserveAspectRatio="none" style="width:109px;height:262px;" version="1.1" viewBox="0 0 109 262" width="109px" zoomAndPan="magnify"><defs/><g><text fill="#000000" font-family="Verdana" font-size="22" font-weight="bold" lengthAdjust="spacing" textLength="76" x="15" y="37.1182">A title</text><line style="stroke:#000000;stroke-width:1.0;" x1="57.75" x2="57.75" y1="130.752" y2="180.5513"/><text fill="#000000" font-family="Verdana" font-size="14" lengthAdjust="spacing" textLength="37" x="36.75" y="127.8125">Arnie</text><ellipse cx="58.25" cy="61.7373" fill="#FFFFFF" rx="8" ry="8" style="stroke:#000000;stroke-width:1.0;"/><path d="M58.25,69.7373 L58.25,96.7373 M45.25,77.7373 L71.25,77.7373 M58.25,96.7373 L45.25,111.7373 M58.25,96.7373 L71.25,111.7373 " fill="none" style="stroke:#000000;stroke-width:1.0;"/><text fill="#000000" font-family="Verdana" font-size="14" lengthAdjust="spacing" textLength="37" x="36.75" y="193.6265">Arnie</text><ellipse cx="58.25" cy="205.5659" fill="#FFFFFF" rx="8" ry="8" style="stroke:#000000;stroke-width:1.0;"/><path d="M58.25,213.5659 L58.25,240.5659 M45.25,221.5659 L71.25,221.5659 M58.25,240.5659 L45.25,255.5659 M58.25,240.5659 L71.25,255.5659 " fill="none" style="stroke:#000000;stroke-width:1.0;"/><polygon fill="#000000" points="46.25,158.5513,56.25,162.5513,46.25,166.5513,50.25,162.5513" style="stroke:#000000;stroke-width:1.0;"/><line style="stroke:#000000;stroke-width:1.0;" x1="22.25" x2="52.25" y1="162.5513" y2="162.5513"/><a href="#1" target="_top" title="in" xlink:actuate="onRequest" xlink:href="#1" xlink:show="new" xlink:title="in" xlink:type="simple"><text fill="" font-family="Verdana" font-size="13" lengthAdjust="spacing" text-decoration="underline" textLength="12" x="29.25" y="157.8218">in</text></a></g></svg><?xml version="1.0" encoding="us-ascii" standalone="no"?><svg xmlns="http://www.w3.org/2000/svg" xmlns:xlink="http://www.w3.org/1999/xlink" contentStyleType="text/css" height="202px" preserveAspectRatio="none" style="width:213px;height:202px;" version="1.1" viewBox="0 0 213 202" width="213px" zoomAndPan="magnify"><defs/><g><text fill="#000000" font-family="Verdana" font-size="22" font-weight="bold" lengthAdjust="spacing" textLength="180" x="15" y="37.1182">A second page</text><line style="stroke:#000000;stroke-width:1.0;" x1="97.25" x2="97.25" y1="101.752" y2="151.5513"/><text fill="#000000" font-family="Verdana" font-size="14" lengthAdjust="spacing" textLength="42" x="73.75" y="98.8125">Bettie</text><path d="M77.25,56.7373 L77.25,80.7373 M77.25,68.7373 L94.25,68.7373 " fill="none" style="stroke:#000000;stroke-width:1.0;"/><ellipse cx="106.25" cy="68.7373" fill="#FFFFFF" rx="12" ry="12" style="stroke:#000000;stroke-width:1.0;"/><text fill="#000000" font-family="Verdana" font-size="14" lengthAdjust="spacing" textLength="42" x="73.75" y="164.6265">Bettie</text><path d="M77.25,171.5659 L77.25,195.5659 M77.25,183.5659 L94.25,183.5659 " fill="none" style="stroke:#000000;stroke-width:1.0;"/><ellipse cx="106.25" cy="183.5659" fill="#FFFFFF" rx="12" ry="12" style="stroke:#000000;stroke-width:1.0;"/><polygon fill="#000000" points="130.75,129.5513,140.75,133.5513,130.75,137.5513,134.75,133.5513" style="stroke:#000000;stroke-width:1.0;"/><line style="stroke:#000000;stroke-width:1.0;" x1="97.75" x2="136.75" y1="133.5513" y2="133.5513"/><a href="#2" target="_top" title="out" xlink:actuate="onRequest" xlink:href="#2" xlink:show="new" xlink:title="out" xlink:type="simple"><text fill="" font-family="Verdana" font-size="13" lengthAdjust="spacing" text-decoration="underline" textLength="21" x="104.75" y="128.8218">out</text></a></g></svg><?xml version="1.0" encoding="us-ascii" standalone="no"?><svg xmlns="http://www.w3.org/2000/svg" xmlns:xlink="http://www.w3.org/1999/xlink" contentStyleType="text/css" height="170px" preserveAspectRatio="none" style="width:431px;height:170px;" version="1.1" viewBox="0 0 431 170" width="431px" zoomAndPan="magnify"><defs/><g><text fill="#000000" font-family="Verdana" font-size="22" font-weight="bold" lengthAdjust="spacing" textLength="153" x="145.75" y="37.1182">A third page</text><line style="stroke:#000000;stroke-width:1.0;" x1="43" x2="43" y1="84.752" y2="134.5513"/><line style="stroke:#000000;stroke-width:1.0;" x1="390.5" x2="390.5" y1="84.752" y2="134.5513"/><rect fill="#FFFFFF" height="31.0146" rx="2.5" ry="2.5" style="stroke:#000000;stroke-width:1.0;" width="46" x="20" y="52.7373"/><text fill="#000000" font-family="Verdana" font-size="14" lengthAdjust="spacing" textLength="32" x="27" y="73.8125">Beta</text><rect fill="#FFFFFF" height="31.0146" rx="2.5" ry="2.5" style="stroke:#000000;stroke-width:1.0;" width="46" x="20" y="133.5513"/><text fill="#000000" font-family="Verdana" font-size="14" lengthAdjust="spacing" textLength="32" x="27" y="154.6265">Beta</text><rect fill="#FFFFFF" height="31.0146" rx="2.5" ry="2.5" style="stroke:#000000;stroke-width:1.0;" width="69" x="356.5" y="52.7373"/><text fill="#000000" font-family="Verdana" font-size="14" lengthAdjust="spacing" textLength="55" x="363.5" y="73.8125">Gamma</text><rect fill="#FFFFFF" height="31.0146" rx="2.5" ry="2.5" style="stroke:#000000;stroke-width:1.0;" width="69" x="356.5" y="133.5513"/><text fill="#000000" font-family="Verdana" font-size="14" lengthAdjust="spacing" textLength="55" x="363.5" y="154.6265">Gamma</text><line style="stroke:#000000;stroke-width:2.0;" x1="373" x2="383" y1="111.5513" y2="121.5513"/><line style="stroke:#000000;stroke-width:2.0;" x1="373" x2="383" y1="121.5513" y2="111.5513"/><line style="stroke:#000000;stroke-width:1.0;" x1="43" x2="378" y1="116.5513" y2="116.5513"/><a href="#3" target="_top" title="An interaction description that is long enough to need abbreviating" xlink:actuate="onRequest" xlink:href="#3" xlink:show="new" xlink:title="An interaction description that is long enough to need abbreviating" xlink:type="simple"><text fill="" font-family="Verdana" font-size="13" lengthAdjust="spacing" text-decoration="underline" textLength="324" x="50" y="111.8218">An interaction description that is long enough ...</text></a></g></svg></figure>
            <div onclick="location.href='#!';" id="5" class="overlay">
                <div class="popup" onclick="event.stopPropagation();">
                    <h2>PlantUml markup</h2>
                    <span class="copy" title="copy" onclick="copyToClipboard('sequence_uml_code5')"></span>
                    <a class="close" href="#!">&times;</a>
                    <div class="content">
                        <pre><code id="sequence_uml_code5">@startuml

!theme plain

skinparam backgroundColor transparent

hide unlinked


!include &lt;tupadr3/font-awesome-5/hamburger&gt;

!include &lt;tupadr3/font-awesome-5/heart&gt;



actor A as &quot;Arnie&quot;




title A title


?-&gt; A: &lt;text fill&#x3D;&quot;&quot;&gt;[[#1 {in} in]]&lt;/text&gt;


@enduml
@startuml

!theme plain

skinparam backgroundColor transparent

hide unlinked


!include &lt;tupadr3/font-awesome-5/hamburger&gt;

!include &lt;tupadr3/font-awesome-5/heart&gt;



boundary Bettie




title A second page


Bettie -&gt;?: &lt;text fill&#x3D;&quot;&quot;&gt;[[#2 {out} out]]&lt;/text&gt;


@enduml
@startuml

!theme plain

skinparam backgroundColor transparent

hide unlinked


!include &lt;tupadr3/font-awesome-5/hamburger&gt;

!include &lt;tupadr3/font-awesome-5/heart&gt;






title A third page


Beta -&gt;x Gamma: &lt;text fill&#x3D;&quot;&quot;&gt;[[#3 {An interaction description that is long enough to need abbreviating} An interaction description that is long enough ...]]&lt;/text&gt;


@enduml</code></pre>
                    </div>
                </div>
            </div>
            <sub><a href="#5">[source]</a></sub>
            <sub><a href="#6">[component diagram]</a></sub>
        </section>
        <!-- Popup for component diagram -->
        <div onclick="location.href='#!';" id="6" class="overlay">
            <div class="popup" onclick="event.stopPropagation();">
                <h2>Component Diagram</h2>
                <a class="close" href="#!">&times;</a>
                <div class="content">
                    <pre><?xml version="1.0" encoding="us-ascii" standalone="no"?><svg xmlns="http://www.w3.org/2000/svg" xmlns:xlink="http://www.w3.org/1999/xlink" contentStyleType="text/css" height="153px" preserveAspectRatio="none" style="width:112px;height:153px;" version="1.1" viewBox="0 0 112 153" width="112px" zoomAndPan="magnify"><defs/><g><!--entity Beta--><g id="elem_Beta"><rect fill="#FFFFFF" height="47.0146" rx="2.5" ry="2.5" style="stroke:#000000;stroke-width:1.0;" width="72" x="22.5" y="17"/><rect fill="#FFFFFF" height="10" style="stroke:#000000;stroke-width:1.0;" width="15" x="74.5" y="22"/><rect fill="#FFFFFF" height="2" style="stroke:#000000;stroke-width:1.0;" width="4" x="72.5" y="24"/><rect fill="#FFFFFF" height="2" style="stroke:#000000;stroke-width:1.0;" width="4" x="72.5" y="28"/><text fill="#000000" font-family="Verdana" font-size="14" lengthAdjust="spacing" textLength="32" x="37.5" y="51.0752">Beta</text></g><!--entity Gamma--><g id="elem_Gamma"><rect fill="#FFFFFF" height="47.0146" rx="2.5" ry="2.5" style="stroke:#000000;stroke-width:1.0;" width="95" x="11" y="100"/><rect fill="#FFFFFF" height="10" style="stroke:#000000;stroke-width:1.0;" width="15" x="86" y="105"/><rect fill="#FFFFFF" height="2" style="stroke:#000000;stroke-width:1.0;" width="4" x="84" y="107"/><rect fill="#FFFFFF" height="2" style="stroke:#000000;stroke-width:1.0;" width="4" x="84" y="111"/><text fill="#000000" font-family="Verdana" font-size="14" lengthAdjust="spacing" textLength="55" x="26" y="134.0752">Gamma</text></g><path d="M58.5,64.063 C58.5,75.204 58.5,88.6144 58.5,99.7771 " fill="none" style="stroke:#000000;stroke-width:1.0;"/><polygon fill="#000000" points="58.5,99.7771,62.5,90.7771,58.5,94.7771,54.5,90.7771,58.5,99.7771" style="stroke:#000000;stroke-width:1.0;"/></g></svg></pre>
                </div>
                <sub><a href="#uml6">[source]</a></sub>
            </div>
        </div>
        <!-- Popup for component diagram UML via component diagram popup -->
        <div onclick="location.href='#!';" id="uml6" class="overlay">
            <div class="popup" onclick="event.stopPropagation();">
                <h2>PlantUml markup</h2>
                <span class="copy" title="copy" onclick="copyToClipboard('component_uml_code6')"></span>
                <a class="close" href="#6">&times;</a><!--show previous popup on close-->
                <div class="content">
                    <pre><code id="component_uml_code6">@startuml
!pragma layout smetana
!theme plain
skinparam backgroundColor transparent

component Beta
component Gamma


[Beta] --&gt; Gamma


remove @unlinked
@enduml</code></pre>
                </div>
            </div>
        </div>
        <!-- Section containing data for sequence diagram popups -->
        
        <div onclick="location.href='#!';" id="1" class="overlay">
            <div class="popup" onclick="event.stopPropagation();">
                <h2>in</h2>
                <a class="close" href="#!">&times;</a>
                <div class="content">
                    <pre>start some job</pre>
                </div>
            </div>
        </div>
        
        <div onclick="location.href='#!';" id="2" class="overlay">
            <div class="popup" onclick="event.stopPropagation();">
                <h2>out</h2>
                <a class="close" href="#!">&times;</a>
                <div class="content">
                    <pre>some data 1</pre>
                </div>
            </div>
        </div>
        
        <div onclick="location.href='#!';" id="3" class="overlay">
            <div class="popup" onclick="event.stopPropagation();">
                <h2>An interaction description that is long enough ...</h2>
                <a class="close" href="#!">&times;</a>
                <div class="content">
                    <pre>β</pre>
                </div>
            </div>
        </div>
        
        
    </article>
    
</main>
</body>
<footer>
    <script type = "text/javascript" src = "https://d3js.org/d3.v4.min.js"></script>
    <link rel="stylesheet" href="https://cdn.jsdelivr.net/gh/highlightjs/cdn-release@11.0.0/build/styles/default.min.css">
    <script src="custom.js"></script>
    <script language = "javascript">
        addSliderForSvgZoom();
        highlightLifelinesWhenClicked();
    </script>
    <script src="https://cdn.jsdelivr.net/gh/highlightjs/cdn-release@11.0.0/build/highlight.min.js"></script>
    <script>hljs.highlightAll();</script>
    <script src="https://cdnjs.cloudflare.com/ajax/libs/mark.js/8.11.1/mark.min.js"></script>
    <script>
        highlightKeywords();
        
            
        
        unMarkSvg();
    </script>
</footer>
</html>
