<!DOCTYPE html>
<html xmlns="http://www.w3.org/1999/xhtml" xmlns="http://www.w3.org/1999/html" xml:lang="en" lang="en">
<head>
    <title>No Diagrams Report</title>
    <link rel="stylesheet" href="https://cdn.jsdelivr.net/gh/lsd-consulting/lsd-core@3/src/main/resources/static/style.min.css">
</head>
<body>
<main role="main">
    
    <h1 class="logo">LSD</h1>
    <h1>No Diagrams Report</h1><article id="1">
        <span class="articleStart"></span>
        <h2 class="success">A scenario without events</h2><section class="description success">
            <h3 class="success">Description</h3>
            This has no diagrams
        </section>
        <aside class="facts">
            <div class="factTable">
                <h3>Key Facts</h3>
                <div class="factRow">
                    <div class="factRowHead">Description</div>
                    <div class="factRowHead">Value</div>
                </div><div class="factRow">
                    <div class="factCell">Fact</div>
                    <div class="factCell">no diagrams</div>
                </div>
            </div>
        </aside>
        
    </article>
</main>
</body>
<footer>
    <script src="https://d3js.org/d3.v7.min.js"></script>
    <link rel="stylesheet" href="https://cdn.jsdelivr.net/gh/highlightjs/cdn-release@11/build/styles/dark.min.css">
    <script src="https://cdn.jsdelivr.net/gh/lsd-consulting/lsd-core@3/src/main/resources/static/custom.min.js"></script>
    <script>
        addSliderForSvgZoom();
        highlightLifelinesWhenClicked();
    </script>
    <script src="https://cdn.jsdelivr.net/gh/highlightjs/cdn-release@11/build/highlight.min.js"></script>
    <script>hljs.highlightAll();</script>
    <script src="https://cdnjs.cloudflare.com/ajax/libs/mark.js/8.11.1/mark.min.js"></script>
    <script>
        highlightKeywords();highlightFact("1", "no diagrams");
        unMarkSvg();
    </script>
</footer>
</html>
