<!DOCTYPE html>
<html xmlns="http://www.w3.org/1999/xhtml" xmlns="http://www.w3.org/1999/html" xml:lang="en" lang="en">
<head>
    <title>Activating lifelines</title>
    <link rel="stylesheet" href="style.css">
</head>
<body>
<main role="main">
    <h1 class="logo">LSD</h1>
    <h1>Activating lifelines</h1>
    <article id="4">
        <span onclick="location.href='#top';" title="top of page" class="back_to_top"></span>
        <h2 class="success">Lifeline activation/deactivation</h2>
        
        <section class="sequence diagram svg success">
            <h3 class="success">Sequence Diagram</h3>
            <figure><?xml version="1.0" encoding="us-ascii" standalone="no"?><svg xmlns="http://www.w3.org/2000/svg" xmlns:xlink="http://www.w3.org/1999/xlink" contentStyleType="text/css" height="274px" preserveAspectRatio="none" style="width:333px;height:274px;" version="1.1" viewBox="0 0 333 274" width="333px" zoomAndPan="magnify"><defs/><g><rect fill="#FF0000" height="29.7993" style="stroke:#000000;stroke-width:1.0;" width="10" x="165.5" y="114.814"/><rect fill="#0000FF" height="29.7993" style="stroke:#000000;stroke-width:1.0;" width="10" x="309.5" y="144.6133"/><line style="stroke:#000000;stroke-width:1.0;" x1="31" x2="31" y1="83.0146" y2="192.4126"/><line style="stroke:#000000;stroke-width:1.0;" x1="170" x2="170" y1="83.0146" y2="192.4126"/><line style="stroke:#000000;stroke-width:1.0;" x1="314.5" x2="314.5" y1="83.0146" y2="192.4126"/><text fill="#000000" font-family="Verdana" font-size="14" lengthAdjust="spacing" textLength="37" x="10" y="80.0752">Arnie</text><ellipse cx="31.5" cy="14" fill="#FFFFFF" rx="8" ry="8" style="stroke:#000000;stroke-width:1.0;"/><path d="M31.5,22 L31.5,49 M18.5,30 L44.5,30 M31.5,49 L18.5,64 M31.5,49 L44.5,64 " fill="none" style="stroke:#000000;stroke-width:1.0;"/><text fill="#000000" font-family="Verdana" font-size="14" lengthAdjust="spacing" textLength="37" x="10" y="205.4878">Arnie</text><ellipse cx="31.5" cy="217.4272" fill="#FFFFFF" rx="8" ry="8" style="stroke:#000000;stroke-width:1.0;"/><path d="M31.5,225.4272 L31.5,252.4272 M18.5,233.4272 L44.5,233.4272 M31.5,252.4272 L18.5,267.4272 M31.5,252.4272 L44.5,267.4272 " fill="none" style="stroke:#000000;stroke-width:1.0;"/><text fill="#000000" font-family="Verdana" font-size="14" lengthAdjust="spacing" textLength="42" x="146.5" y="80.0752">Bettie</text><path d="M150,38 L150,62 M150,50 L167,50 " fill="none" style="stroke:#000000;stroke-width:1.0;"/><ellipse cx="179" cy="50" fill="#FFFFFF" rx="12" ry="12" style="stroke:#000000;stroke-width:1.0;"/><text fill="#000000" font-family="Verdana" font-size="14" lengthAdjust="spacing" textLength="42" x="146.5" y="205.4878">Bettie</text><path d="M150,212.4272 L150,236.4272 M150,224.4272 L167,224.4272 " fill="none" style="stroke:#000000;stroke-width:1.0;"/><ellipse cx="179" cy="224.4272" fill="#FFFFFF" rx="12" ry="12" style="stroke:#000000;stroke-width:1.0;"/><text fill="#000000" font-family="Verdana" font-size="14" lengthAdjust="spacing" textLength="24" x="299.5" y="80.0752">Cat</text><ellipse cx="314.5" cy="50" fill="#FFFFFF" rx="12" ry="12" style="stroke:#000000;stroke-width:1.0;"/><polygon fill="#000000" points="310.5,38,316.5,33,314.5,38,316.5,43,310.5,38" style="stroke:#000000;stroke-width:1.0;"/><text fill="#000000" font-family="Verdana" font-size="14" lengthAdjust="spacing" textLength="24" x="299.5" y="205.4878">Cat</text><ellipse cx="314.5" cy="224.4272" fill="#FFFFFF" rx="12" ry="12" style="stroke:#000000;stroke-width:1.0;"/><polygon fill="#000000" points="310.5,212.4272,316.5,207.4272,314.5,212.4272,316.5,217.4272,310.5,212.4272" style="stroke:#000000;stroke-width:1.0;"/><rect fill="#FF0000" height="29.7993" style="stroke:#000000;stroke-width:1.0;" width="10" x="165.5" y="114.814"/><rect fill="#0000FF" height="29.7993" style="stroke:#000000;stroke-width:1.0;" width="10" x="309.5" y="144.6133"/><polygon fill="#000000" points="153.5,110.814,163.5,114.814,153.5,118.814,157.5,114.814" style="stroke:#000000;stroke-width:1.0;"/><line style="stroke:#000000;stroke-width:1.0;" x1="31.5" x2="159.5" y1="114.814" y2="114.814"/><a href="#1" target="_top" title="Good day to you!" xlink:actuate="onRequest" xlink:href="#1" xlink:show="new" xlink:title="Good day to you!" xlink:type="simple"><text fill="" font-family="Verdana" font-size="13" lengthAdjust="spacing" text-decoration="underline" textLength="115" x="38.5" y="110.0845">Good day to you!</text></a><polygon fill="#000000" points="297.5,140.6133,307.5,144.6133,297.5,148.6133,301.5,144.6133" style="stroke:#000000;stroke-width:1.0;"/><line style="stroke:#000000;stroke-width:1.0;" x1="170.5" x2="303.5" y1="144.6133" y2="144.6133"/><a href="#2" target="_top" title="Good day to you!" xlink:actuate="onRequest" xlink:href="#2" xlink:show="new" xlink:title="Good day to you!" xlink:type="simple"><text fill="" font-family="Verdana" font-size="13" lengthAdjust="spacing" text-decoration="underline" textLength="115" x="177.5" y="139.8838">Good day to you!</text></a><polygon fill="#000000" points="42.5,170.4126,32.5,174.4126,42.5,178.4126,38.5,174.4126" style="stroke:#000000;stroke-width:1.0;"/><line style="stroke:#000000;stroke-width:1.0;" x1="36.5" x2="313.5" y1="174.4126" y2="174.4126"/><a href="#3" target="_top" title="Me?" xlink:actuate="onRequest" xlink:href="#3" xlink:show="new" xlink:title="Me?" xlink:type="simple"><text fill="" font-family="Verdana" font-size="13" lengthAdjust="spacing" text-decoration="underline" textLength="26" x="48.5" y="169.6831">Me?</text></a></g></svg></figure>
            <div onclick="location.href='#!';" id="5" class="overlay">
                <div class="popup" onclick="event.stopPropagation();">
                    <h2>PlantUml markup</h2>
                    <span class="copy" title="copy" onclick="copyToClipboard('sequence_uml_code5')"></span>
                    <a class="close" href="#!">&times;</a>
                    <div class="content">
                        <pre><code id="sequence_uml_code5">@startuml

!theme plain

skinparam backgroundColor transparent

hide unlinked




actor A as &quot;Arnie&quot;

boundary Bettie

control Cat



A -&gt; Bettie: &lt;text fill&#x3D;&quot;&quot;&gt;[[#1 {Good day to you!} Good day to you!]]&lt;/text&gt;

activate Bettie#red

Bettie -&gt; Cat: &lt;text fill&#x3D;&quot;&quot;&gt;[[#2 {Good day to you!} Good day to you!]]&lt;/text&gt;

deactivate Bettie

activate Cat#blue

Cat -&gt; A: &lt;text fill&#x3D;&quot;&quot;&gt;[[#3 {Me?} Me?]]&lt;/text&gt;

deactivate Cat


@enduml</code></pre>
                    </div>
                </div>
            </div>
            <sub><a href="#5">[source]</a></sub>
            <sub><a href="#6">[component diagram]</a></sub>
        </section>
        <!-- Popup for component diagram -->
        <div onclick="location.href='#!';" id="6" class="overlay">
            <div class="popup" onclick="event.stopPropagation();">
                <h2>Component Diagram</h2>
                <a class="close" href="#!">&times;</a>
                <div class="content">
                    <pre><?xml version="1.0" encoding="us-ascii" standalone="no"?><svg xmlns="http://www.w3.org/2000/svg" xmlns:xlink="http://www.w3.org/1999/xlink" contentStyleType="text/css" height="270px" preserveAspectRatio="none" style="width:88px;height:270px;" version="1.1" viewBox="0 0 88 270" width="88px" zoomAndPan="magnify"><defs/><g><!--entity A--><g id="elem_A"><ellipse cx="61.5" cy="26" fill="#FFFFFF" rx="8" ry="8" style="stroke:#000000;stroke-width:1.0;"/><path d="M61.5,34 L61.5,61 M48.5,42 L74.5,42 M61.5,61 L48.5,76 M61.5,61 L74.5,76 " fill="none" style="stroke:#000000;stroke-width:1.0;"/><text fill="#000000" font-family="Verdana" font-size="14" lengthAdjust="spacing" textLength="37" x="43" y="92.0752">Arnie</text></g><!--entity Bettie--><g id="elem_Bettie"><path d="M15,135 L15,159 M15,147 L32,147 " fill="none" style="stroke:#000000;stroke-width:1.0;"/><ellipse cx="44" cy="147" fill="#FFFFFF" rx="12" ry="12" style="stroke:#000000;stroke-width:1.0;"/><text fill="#000000" font-family="Verdana" font-size="14" lengthAdjust="spacing" textLength="42" x="14.5" y="177.0752">Bettie</text></g><!--entity Cat--><g id="elem_Cat"><ellipse cx="61.5" cy="232" fill="#FFFFFF" rx="12" ry="12" style="stroke:#000000;stroke-width:1.0;"/><polygon fill="#000000" points="57.5,220,63.5,215,61.5,220,63.5,225,57.5,220" style="stroke:#000000;stroke-width:1.0;"/><text fill="#000000" font-family="Verdana" font-size="14" lengthAdjust="spacing" textLength="24" x="49.5" y="262.0752">Cat</text></g><path d="M51.2987,95.2547 C48.0835,107.3118 44.6285,120.2681 41.7719,130.9805 " fill="none" style="stroke:#000000;stroke-width:1.0;"/><polygon fill="#000000" points="41.7719,130.9805,47.9558,123.3151,43.0602,126.1493,40.2259,121.2538,41.7719,130.9805" style="stroke:#000000;stroke-width:1.0;"/><path d="M42.881,180.0625 C46.3941,191.2773 50.5851,204.6562 54.1005,215.8786 " fill="none" style="stroke:#000000;stroke-width:1.0;"/><polygon fill="#000000" points="54.1005,215.8786,55.2273,206.0944,52.6059,211.1073,47.5931,208.4859,54.1005,215.8786" style="stroke:#000000;stroke-width:1.0;"/><path d="M65.4213,215.8316 C67.0334,204.9512 68.7066,191.8555 69.5,180 C70.9542,158.2708 70.6721,152.7462 69.5,131 C68.8741,119.387 67.6995,106.7933 66.4394,95.3437 " fill="none" style="stroke:#000000;stroke-width:1.0;"/><polygon fill="#000000" points="66.4394,95.3437,63.448,104.7273,66.9864,100.3137,71.4,103.8521,66.4394,95.3437" style="stroke:#000000;stroke-width:1.0;"/></g></svg></pre>
                </div>
                <sub><a href="#uml6">[source]</a></sub>
            </div>
        </div>
        <!-- Popup for component diagram UML via component diagram popup -->
        <div onclick="location.href='#!';" id="uml6" class="overlay">
            <div class="popup" onclick="event.stopPropagation();">
                <h2>PlantUml markup</h2>
                <span class="copy" title="copy" onclick="copyToClipboard('component_uml_code6')"></span>
                <a class="close" href="#6">&times;</a><!--show previous popup on close-->
                <div class="content">
                    <pre><code id="component_uml_code6">@startuml
!pragma layout smetana
!theme plain
skinparam backgroundColor transparent

actor A as &quot;Arnie&quot;
boundary Bettie
control Cat


[A] --&gt; Bettie
[Bettie] --&gt; Cat
[Cat] --&gt; A


remove @unlinked
@enduml</code></pre>
                </div>
            </div>
        </div>
        <!-- Section containing data for sequence diagram popups --><div onclick="location.href='#!';" id="1" class="overlay">
            <div class="popup" onclick="event.stopPropagation();">
                <h2>Good day to you!</h2>
                <a class="close" href="#!">&times;</a>
                <div class="content">
                    <pre></pre>
                </div>
            </div>
        </div><div onclick="location.href='#!';" id="2" class="overlay">
            <div class="popup" onclick="event.stopPropagation();">
                <h2>Good day to you!</h2>
                <a class="close" href="#!">&times;</a>
                <div class="content">
                    <pre></pre>
                </div>
            </div>
        </div><div onclick="location.href='#!';" id="3" class="overlay">
            <div class="popup" onclick="event.stopPropagation();">
                <h2>Me?</h2>
                <a class="close" href="#!">&times;</a>
                <div class="content">
                    <pre></pre>
                </div>
            </div>
        </div>
    </article>
</main>
</body>
<footer>
    <script type="text/javascript" src="https://d3js.org/d3.v4.min.js"></script>
    <link rel="stylesheet" href="https://cdn.jsdelivr.net/gh/highlightjs/cdn-release@11.0.0/build/styles/default.min.css">
    <script src="custom.js"></script>
    <script>
        addSliderForSvgZoom();
        highlightLifelinesWhenClicked();
    </script>
    <script src="https://cdn.jsdelivr.net/gh/highlightjs/cdn-release@11.0.0/build/highlight.min.js"></script>
    <script>hljs.highlightAll();</script>
    <script src="https://cdnjs.cloudflare.com/ajax/libs/mark.js/8.11.1/mark.min.js"></script>
    <script>
        highlightKeywords();
        unMarkSvg();
    </script>
</footer>
</html>
