<!DOCTYPE html>
<html xmlns="http://www.w3.org/1999/xhtml" xmlns="http://www.w3.org/1999/html" xml:lang="en" lang="en">
<head>
    <title>Fred is updated</title>
    <link rel="stylesheet" href="https://cdn.jsdelivr.net/gh/lsd-consulting/lsd-core@3/src/main/resources/static/style.min.css">
</head>
<body>
<main role="main">
    <h1 class="logo">LSD</h1>
    <h1>Fred is updated</h1>
    <article id="2">
        <span onclick="location.href='#top';" title="top of page" class="back_to_top"></span>
        <h2 class="success">Participant is updated</h2><section class="description success">
            <h3 class="success">Description</h3>
            Freddy is used
        </section>
        
        <section class="sequence diagram svg success">
            <h3 class="success">Sequence Diagram</h3>
            <figure><?xml version="1.0" encoding="us-ascii" standalone="no"?><svg xmlns="http://www.w3.org/2000/svg" xmlns:xlink="http://www.w3.org/1999/xlink" contentStyleType="text/css" height="205px" preserveAspectRatio="none" style="width:140px;height:205px;background:#FFFFFF;" version="1.1" viewBox="0 0 140 205" width="140px" zoomAndPan="magnify"><defs><filter height="300%" id="f53e9v6ke3q4v" width="300%" x="-1" y="-1"><feGaussianBlur result="blurOut" stdDeviation="2.0"/><feColorMatrix in="blurOut" result="blurOut2" type="matrix" values="0 0 0 0 0 0 0 0 0 0 0 0 0 0 0 0 0 0 .4 0"/><feOffset dx="4.0" dy="4.0" in="blurOut2" result="blurOut3"/><feBlend in="SourceGraphic" in2="blurOut3" mode="normal"/></filter></defs><g><line style="stroke:#708090;stroke-width:1.0;stroke-dasharray:5.0,5.0;" x1="39" x2="39" y1="72.4883" y2="121.7988"/><line style="stroke:#708090;stroke-width:1.0;stroke-dasharray:5.0,5.0;" x1="100" x2="100" y1="72.4883" y2="121.7988"/><text fill="#8392A2" font-family="sans-serif" font-size="14" lengthAdjust="spacing" textLength="38" x="17.5" y="69.5352">Bettie</text><path d="M19,28 L19,52 M19,40 L36,40 " fill="none" filter="url(#f53e9v6ke3q4v)" style="stroke:#7D8590;stroke-width:1.5;"/><ellipse cx="48" cy="40" fill="#FFFFFF" filter="url(#f53e9v6ke3q4v)" rx="12" ry="12" style="stroke:#7D8590;stroke-width:1.5;"/><text fill="#8392A2" font-family="sans-serif" font-size="14" lengthAdjust="spacing" textLength="38" x="17.5" y="134.334">Bettie</text><path d="M19,141.2871 L19,165.2871 M19,153.2871 L36,153.2871 " fill="none" filter="url(#f53e9v6ke3q4v)" style="stroke:#7D8590;stroke-width:1.5;"/><ellipse cx="48" cy="153.2871" fill="#FFFFFF" filter="url(#f53e9v6ke3q4v)" rx="12" ry="12" style="stroke:#7D8590;stroke-width:1.5;"/><text fill="#8392A2" font-family="sans-serif" font-size="14" lengthAdjust="spacing" textLength="47" x="74" y="69.5352">Freddy</text><path d="M82.5,20 C82.5,10 100.5,10 100.5,10 C100.5,10 118.5,10 118.5,20 L118.5,46 C118.5,56 100.5,56 100.5,56 C100.5,56 82.5,56 82.5,46 L82.5,20 " fill="#800080" filter="url(#f53e9v6ke3q4v)" style="stroke:#7D8590;stroke-width:1.5;"/><path d="M82.5,20 C82.5,30 100.5,30 100.5,30 C100.5,30 118.5,30 118.5,20 " fill="none" style="stroke:#7D8590;stroke-width:1.5;"/><text fill="#8392A2" font-family="sans-serif" font-size="14" lengthAdjust="spacing" textLength="47" x="74" y="134.334">Freddy</text><path d="M82.5,147.2871 C82.5,137.2871 100.5,137.2871 100.5,137.2871 C100.5,137.2871 118.5,137.2871 118.5,147.2871 L118.5,173.2871 C118.5,183.2871 100.5,183.2871 100.5,183.2871 C100.5,183.2871 82.5,183.2871 82.5,173.2871 L82.5,147.2871 " fill="#800080" filter="url(#f53e9v6ke3q4v)" style="stroke:#7D8590;stroke-width:1.5;"/><path d="M82.5,147.2871 C82.5,157.2871 100.5,157.2871 100.5,157.2871 C100.5,157.2871 118.5,157.2871 118.5,147.2871 " fill="none" style="stroke:#7D8590;stroke-width:1.5;"/><polygon fill="#7D8590" points="50.5,99.7988,40.5,103.7988,50.5,107.7988,46.5,103.7988" style="stroke:#7D8590;stroke-width:1.0;"/><line style="stroke:#7D8590;stroke-width:1.5;" x1="44.5" x2="99.5" y1="103.7988" y2="103.7988"/><a href="#1" target="_top" title="" xlink:actuate="onRequest" xlink:href="#1" xlink:show="new" xlink:title="" xlink:type="simple"><text fill="#656D76" font-family="sans-serif" font-size="13" lengthAdjust="spacing" text-decoration="underline" textLength="16" x="56.5" y="99.0566">#1</text></a></g></svg></figure>
            <div onclick="location.href='#!';" id="3" class="overlay">
                <div class="popup" onclick="event.stopPropagation();">
                    <h2>PlantUml markup</h2>
                    <span class="copy" title="copy" onclick="copyToClipboard('sequence_uml_code3')"></span>
                    <a class="close" href="#!">&times;</a>
                    <div class="content">
                        <pre><code id="sequence_uml_code3">@startuml

!theme lsd-light from https://raw.githubusercontent.com/lsd-consulting/lsd-core/main/src/main/resources/static

hide unlinked




boundary Bettie

database Fred as &quot;Freddy&quot; #purple



Fred -&gt; Bettie: [[#1 {} ]]


@enduml</code></pre>
                    </div>
                </div>
            </div>
            <sub><a href="#3">[source]</a></sub>
            <sub><a href="#4">[component diagram]</a></sub>
        </section>
        <!-- Popup for component diagram -->
        <div onclick="location.href='#!';" id="4" class="overlay">
            <div class="popup" onclick="event.stopPropagation();">
                <h2>Component Diagram</h2>
                <a class="close" href="#!">&times;</a>
                <div class="content">
                    <pre><?xml version="1.0" encoding="us-ascii" standalone="no"?><svg xmlns="http://www.w3.org/2000/svg" xmlns:xlink="http://www.w3.org/1999/xlink" contentStyleType="text/css" height="153px" preserveAspectRatio="none" style="width:96px;height:153px;" version="1.1" viewBox="0 0 96 153" width="96px" zoomAndPan="magnify"><defs/><g><!--entity Fred--><g id="elem_Fred"><path d="M11,27 C11,17 45,17 45,17 C45,17 79,17 79,27 L79,53.0146 C79,63.0146 45,63.0146 45,63.0146 C45,63.0146 11,63.0146 11,53.0146 L11,27 " fill="#800080" style="stroke:#000000;stroke-width:1.0;"/><path d="M11,27 C11,37 45,37 45,37 C45,37 79,37 79,27 " fill="none" style="stroke:#000000;stroke-width:1.0;"/><text fill="#000000" font-family="Verdana" font-size="14" lengthAdjust="spacing" textLength="48" x="21" y="55.0752">Freddy</text></g><!--entity Bettie--><g id="elem_Bettie"><path d="M24.5,103 L24.5,127 M24.5,115 L41.5,115 " fill="none" style="stroke:#000000;stroke-width:1.0;"/><ellipse cx="53.5" cy="115" fill="#FFFFFF" rx="12" ry="12" style="stroke:#000000;stroke-width:1.0;"/><text fill="#000000" font-family="Verdana" font-size="14" lengthAdjust="spacing" textLength="42" x="24" y="145.0752">Bettie</text></g><path d="M45,63.2702 C45,74.2987 45,87.6182 45,98.831 " fill="none" style="stroke:#000000;stroke-width:1.0;"/><polygon fill="#000000" points="45,98.831,49,89.831,45,93.831,41,89.831,45,98.831" style="stroke:#000000;stroke-width:1.0;"/></g></svg></pre>
                </div>
                <sub><a href="#uml4">[source]</a></sub>
            </div>
        </div>
        <!-- Popup for component diagram UML via component diagram popup -->
        <div onclick="location.href='#!';" id="uml4" class="overlay">
            <div class="popup" onclick="event.stopPropagation();">
                <h2>PlantUml markup</h2>
                <span class="copy" title="copy" onclick="copyToClipboard('component_uml_code4')"></span>
                <a class="close" href="#4">&times;</a><!--show previous popup on close-->
                <div class="content">
                    <pre><code id="component_uml_code4">@startuml
!pragma layout smetana
!theme plain
skinparam backgroundColor transparent

database Fred as &quot;Freddy&quot; #purple
boundary Bettie


[Fred] --&gt; Bettie


remove @unlinked
@enduml</code></pre>
                </div>
            </div>
        </div>
        <!-- Section containing data for sequence diagram popups --><div onclick="location.href='#!';" id="1" class="overlay">
            <div class="popup" onclick="event.stopPropagation();">
                <h2></h2>
                <a class="close" href="#!">&times;</a>
                <div class="content">
                    <pre></pre>
                </div>
            </div>
        </div>
    </article>
</main>
</body>
<footer>
    <script src="https://d3js.org/d3.v7.min.js"></script>
    <link rel="stylesheet" href="https://cdn.jsdelivr.net/gh/highlightjs/cdn-release@11/build/styles/dark.min.css">
    <script src="https://cdn.jsdelivr.net/gh/lsd-consulting/lsd-core@3/src/main/resources/static/custom.min.js"></script>
    <script>
        addSliderForSvgZoom();
        highlightLifelinesWhenClicked();
    </script>
    <script src="https://cdn.jsdelivr.net/gh/highlightjs/cdn-release@11/build/highlight.min.js"></script>
    <script>hljs.highlightAll();</script>
    <script src="https://cdnjs.cloudflare.com/ajax/libs/mark.js/8.11.1/mark.min.js"></script>
    <script>
        highlightKeywords();
        unMarkSvg();
    </script>
</footer>
</html>
