<!DOCTYPE html>
<html xmlns="http://www.w3.org/1999/xhtml" xmlns="http://www.w3.org/1999/html" xml:lang="en" lang="en">
<head>
    <title>LSD</title>
    <link rel="stylesheet" href="style.css">
</head>
<body>
<main role="main">
    <h1 class="logo">LSD</h1>
    <h2>Relationships</h2>
    <div class="contents">
        <section class="sequence diagram svg">
            <h3 class="success">Component Diagram</h3>
            <figure><?xml version="1.0" encoding="us-ascii" standalone="no"?><svg xmlns="http://www.w3.org/2000/svg" xmlns:xlink="http://www.w3.org/1999/xlink" contentStyleType="text/css" height="299px" preserveAspectRatio="none" style="width:119px;height:299px;" version="1.1" viewBox="0 0 119 299" width="119px" zoomAndPan="magnify"><defs/><g><!--entity Arnie--><g id="elem_Arnie"><ellipse cx="48.4902" cy="26" fill="#FFFFFF" rx="8" ry="8" style="stroke:#000000;stroke-width:1.0;"/><path d="M48.4902,34 L48.4902,61 M35.4902,42 L61.4902,42 M48.4902,61 L35.4902,76 M48.4902,61 L61.4902,76 " fill="none" style="stroke:#000000;stroke-width:1.0;"/><text fill="#000000" font-family="Verdana" font-size="14" lengthAdjust="spacing" textLength="37" x="29.9902" y="92.0752">Arnie</text></g><!--entity Bettie--><g id="elem_Bettie"><path d="M27.9902,135 L27.9902,159 M27.9902,147 L44.9902,147 " fill="none" style="stroke:#000000;stroke-width:1.0;"/><ellipse cx="56.9902" cy="147" fill="#FFFFFF" rx="12" ry="12" style="stroke:#000000;stroke-width:1.0;"/><text fill="#000000" font-family="Verdana" font-size="14" lengthAdjust="spacing" textLength="42" x="27.4902" y="177.0752">Bettie</text></g><!--entity Cat--><g id="elem_Cat"><ellipse cx="48.4902" cy="246.5" fill="#FFFFFF" rx="12" ry="12" style="stroke:#000000;stroke-width:1.0;"/><polygon fill="#000000" points="44.4902,234.5,50.4902,229.5,48.4902,234.5,50.4902,239.5,44.4902,234.5" style="stroke:#000000;stroke-width:1.0;"/><text fill="#000000" font-family="Verdana" font-size="14" lengthAdjust="spacing" textLength="24" x="36.4902" y="276.5752">Cat</text></g><!--entity Dan--><g id="elem_Dan"><ellipse cx="98.4902" cy="225" fill="#FFFFFF" rx="8" ry="8" style="stroke:#000000;stroke-width:1.0;"/><path d="M98.4902,233 L98.4902,260 M85.4902,241 L111.4902,241 M98.4902,260 L85.4902,275 M98.4902,260 L111.4902,275 " fill="none" style="stroke:#000000;stroke-width:1.0;"/><text fill="#000000" font-family="Verdana" font-size="14" lengthAdjust="spacing" textLength="28" x="84.4902" y="291.0752">Dan</text></g><path d="M41.8812,95.2547 C41.5526,107.3118 41.7983,120.2681 42.6183,130.9805 " fill="none" style="stroke:#000000;stroke-width:1.0;"/><polygon fill="#000000" points="42.6183,130.9805,45.9197,121.7015,42.2367,125.9951,37.9431,122.312,42.6183,130.9805" style="stroke:#000000;stroke-width:1.0;"/><path d="M42.612,180.102 C41.4527,195.3187 41.4496,215.037 42.6028,230.2774 " fill="none" style="stroke:#000000;stroke-width:1.0;"/><polygon fill="#000000" points="42.6028,230.2774,45.9123,221.0012,42.2256,225.2916,37.9352,221.6048,42.6028,230.2774" style="stroke:#000000;stroke-width:1.0;"/><path d="M34.3905,230.2593 C26.8573,216.1791 18.3573,197.6791 14.4902,180 C9.8366,158.7252 9.8366,152.2748 14.4902,131 C17.602,116.7738 23.7137,102.0161 29.9076,89.4575 " fill="none" style="stroke:#000000;stroke-width:1.0;"/><polygon fill="#000000" points="29.9076,89.4575,22.3392,95.7599,27.696,93.9418,29.5141,99.2985,29.9076,89.4575" style="stroke:#000000;stroke-width:1.0;"/><path d="M54.3621,130.9805 C55.1821,120.2681 55.4278,107.3118 55.0992,95.2547 " fill="none" style="stroke:#000000;stroke-width:1.0;"/><polygon fill="#000000" points="55.0992,95.2547,51.3459,104.3604,55.2354,100.2529,59.3429,104.1424,55.0992,95.2547" style="stroke:#000000;stroke-width:1.0;"/><path d="M54.3776,230.2774 C55.5308,215.037 55.5277,195.3187 54.3684,180.102 " fill="none" style="stroke:#000000;stroke-width:1.0;"/><polygon fill="#000000" points="54.3684,180.102,51.0637,189.3799,54.7483,185.0876,59.0406,188.7722,54.3684,180.102" style="stroke:#000000;stroke-width:1.0;"/><path d="M60.5938,180.102 C67.7614,194.0789 76.8766,211.8535 84.371,226.4676 " fill="none" style="stroke:#000000;stroke-width:1.0;"/><polygon fill="#000000" points="84.371,226.4676,83.8235,216.634,82.0894,222.0185,76.7049,220.2845,84.371,226.4676" style="stroke:#000000;stroke-width:1.0;"/><path d="M95.9964,215.7447 C93.7146,191.1727 89.429,158.7743 81.4902,131 C77.8562,118.2864 72.4417,104.9322 67.0441,93.1219 " fill="none" style="stroke:#000000;stroke-width:1.0;"/><polygon fill="#000000" points="67.0441,93.1219,67.1471,102.9702,69.1225,97.6695,74.4232,99.6449,67.0441,93.1219" style="stroke:#000000;stroke-width:1.0;"/></g></svg></figure>
            <div onclick="location.href='#!';" id="source" class="overlay">
                <div class="popup" onclick="event.stopPropagation();">
                    <h2>PlantUml markup</h2>
                    <span class="copy" title="copy" onclick="copyToClipboard('uml_code')"></span>
                    <a class="close" href="#!">&times;</a>
                    <div class="content">
                        <pre><code id="uml_code">@startuml
!pragma layout smetana
!theme plain
skinparam backgroundColor transparent

actor Arnie
boundary Bettie
control Cat


[Arnie] --&gt; Bettie
[Bettie] --&gt; Cat
[Cat] --&gt; Arnie
[Bettie] --&gt; Arnie
[Cat] --&gt; Bettie
[Bettie] --&gt; Dan
[Dan] --&gt; Arnie


remove @unlinked
@enduml</code></pre>
                    </div>
                </div>
            </div>
            <sub><a href="#source">[source]</a></sub>
        </section>
    </div>
</main>
</body>
</html>