<!DOCTYPE html>
<html xmlns="http://www.w3.org/1999/xhtml" xmlns="http://www.w3.org/1999/html" xml:lang="en" lang="en">
<head>
    <title>Approval Report</title>
    <link rel="stylesheet" href="style.css">
</head>
<body>
<main role="main">
    <span onclick="location.href='lsd-index.html';" title="back to index page" class="back_to_index"></span>
    <h1 class="logo">LSD</h1>
    <h1>Approval Report</h1>
    <div class="contents">
        <h3>Contents</h3>
        <ul class="contents">
            
            <li class="success"><a href="#10">A Success scenario</a></li>
            
            <li class="warn"><a href="#13">A Warning scenario</a></li>
            
            <li class="error"><a href="#16">An Error scenario</a></li>
            
        </ul>
    </div>
    

    <article id="10">
        <span onclick="location.href='#top';" title="top of page" class="back_to_top"></span>
        <h2 class="success">A Success scenario</h2>
        <section class="description success">
            <h3 class="success">Description</h3>
            Given a first scenario description<br/>When something happens<br/>Then something else happens
        </section>
        
        
        <section class="sequence diagram svg success">
            <h3 class="success">Sequence Diagram</h3>
            <figure><?xml version="1.0" encoding="UTF-8"?>

<svg xmlns="http://www.w3.org/2000/svg" xmlns:xlink="http://www.w3.org/1999/xlink" contentStyleType="text/css" height="350px" preserveAspectRatio="none" style="width:595px;height:350px;" version="1.1" viewBox="0 0 595 350" width="595px" zoomAndPan="magnify">
  <defs/>
  <g>
    <line style="stroke:#000000;stroke-width:1.0;" x1="40.5" x2="40.5" y1="85.0293" y2="254.0259"/>
    <line style="stroke:#000000;stroke-width:1.0;" x1="135" x2="135" y1="85.0293" y2="254.0259"/>
    <line style="stroke:#000000;stroke-width:1.0;" x1="207" x2="207" y1="85.0293" y2="254.0259"/>
    <line style="stroke:#000000;stroke-width:1.0;" x1="554.5" x2="554.5" y1="85.0293" y2="254.0259"/>
    <text fill="#000000" font-family="Verdana" font-size="14" lengthAdjust="spacing" textLength="37" x="19.5" y="82.0898">Arnie</text>
    <ellipse cx="41" cy="16.0146" fill="#FFFFFF" rx="8" ry="8" style="stroke:#000000;stroke-width:1.0;"/>
    <path d="M41,24.0146 L41,51.0146 M28,32.0146 L54,32.0146 M41,51.0146 L28,66.0146 M41,51.0146 L54,66.0146 " fill="none" style="stroke:#000000;stroke-width:1.0;"/>
    <text fill="#000000" font-family="Verdana" font-size="14" lengthAdjust="spacing" textLength="37" x="19.5" y="267.1011">Arnie</text>
    <ellipse cx="41" cy="279.0405" fill="#FFFFFF" rx="8" ry="8" style="stroke:#000000;stroke-width:1.0;"/>
    <path d="M41,287.0405 L41,314.0405 M28,295.0405 L54,295.0405 M41,314.0405 L28,329.0405 M41,314.0405 L54,329.0405 " fill="none" style="stroke:#000000;stroke-width:1.0;"/>
    <text fill="#000000" font-family="Verdana" font-size="14" lengthAdjust="spacing" textLength="52" x="106" y="65.0752">Badboy</text>
    <text fill="#000000" font-family="Verdana" font-size="14" lengthAdjust="spacing" textLength="21" x="121.5" y="82.0898">DB</text>
    <path d="M117,15 C117,5 135,5 135,5 C135,5 153,5 153,15 L153,41 C153,51 135,51 135,51 C135,51 117,51 117,41 L117,15 " fill="#FFFFFF" style="stroke:#000000;stroke-width:1.5;"/>
    <path d="M117,15 C117,25 135,25 135,25 C135,25 153,25 153,15 " fill="none" style="stroke:#000000;stroke-width:1.5;"/>
    <text fill="#000000" font-family="Verdana" font-size="14" lengthAdjust="spacing" textLength="52" x="106" y="267.1011">Badboy</text>
    <text fill="#000000" font-family="Verdana" font-size="14" lengthAdjust="spacing" textLength="21" x="121.5" y="284.1157">DB</text>
    <path d="M117,297.0552 C117,287.0552 135,287.0552 135,287.0552 C135,287.0552 153,287.0552 153,297.0552 L153,323.0552 C153,333.0552 135,333.0552 135,333.0552 C135,333.0552 117,333.0552 117,323.0552 L117,297.0552 " fill="#FFFFFF" style="stroke:#000000;stroke-width:1.5;"/>
    <path d="M117,297.0552 C117,307.0552 135,307.0552 135,307.0552 C135,307.0552 153,307.0552 153,297.0552 " fill="none" style="stroke:#000000;stroke-width:1.5;"/>
    <rect fill="#FFFFFF" height="31.0146" rx="2.5" ry="2.5" style="stroke:#000000;stroke-width:1.0;" width="46" x="184" y="53.0146"/>
    <text fill="#000000" font-family="Verdana" font-size="14" lengthAdjust="spacing" textLength="32" x="191" y="74.0898">Beta</text>
    <rect fill="#FFFFFF" height="31.0146" rx="2.5" ry="2.5" style="stroke:#000000;stroke-width:1.0;" width="46" x="184" y="253.0259"/>
    <text fill="#000000" font-family="Verdana" font-size="14" lengthAdjust="spacing" textLength="32" x="191" y="274.1011">Beta</text>
    <rect fill="#FFFFFF" height="31.0146" rx="2.5" ry="2.5" style="stroke:#000000;stroke-width:1.0;" width="69" x="520.5" y="53.0146"/>
    <text fill="#000000" font-family="Verdana" font-size="14" lengthAdjust="spacing" textLength="55" x="527.5" y="74.0898">Gamma</text>
    <rect fill="#FFFFFF" height="31.0146" rx="2.5" ry="2.5" style="stroke:#000000;stroke-width:1.0;" width="69" x="520.5" y="253.0259"/>
    <text fill="#000000" font-family="Verdana" font-size="14" lengthAdjust="spacing" textLength="55" x="527.5" y="274.1011">Gamma</text>
    <polygon fill="#000000" points="29,112.8286,39,116.8286,29,120.8286,33,116.8286" style="stroke:#000000;stroke-width:1.0;"/>
    <line style="stroke:#000000;stroke-width:1.0;" x1="5" x2="35" y1="116.8286" y2="116.8286"/>
    <a href="#1" target="_top" title="in" xlink:actuate="onRequest" xlink:href="#1" xlink:show="new" xlink:title="in" xlink:type="simple">
      <text fill="" font-family="Verdana" font-size="13" lengthAdjust="spacing" text-decoration="underline" textLength="12" x="12" y="112.0991">in</text>
    </a>
    <polygon fill="#000000" points="52,142.6279,42,146.6279,52,150.6279,48,146.6279" style="stroke:#000000;stroke-width:1.0;"/>
    <polygon fill="#000000" points="123,142.6279,133,146.6279,123,150.6279,127,146.6279" style="stroke:#000000;stroke-width:1.0;"/>
    <line style="stroke:#000000;stroke-width:1.0;" x1="46" x2="129" y1="146.6279" y2="146.6279"/>
    <a href="#2" target="_top" title="Message 1" xlink:actuate="onRequest" xlink:href="#2" xlink:show="new" xlink:title="Message 1" xlink:type="simple">
      <text fill="" font-family="Verdana" font-size="13" lengthAdjust="spacing" text-decoration="underline" textLength="70" x="58" y="141.8984">Message 1</text>
    </a>
    <polygon fill="#000000" points="168,172.4272,178,176.4272,168,180.4272,172,176.4272" style="stroke:#000000;stroke-width:1.0;"/>
    <line style="stroke:#000000;stroke-width:1.0;" x1="135" x2="174" y1="176.4272" y2="176.4272"/>
    <a href="#3" target="_top" title="out" xlink:actuate="onRequest" xlink:href="#3" xlink:show="new" xlink:title="out" xlink:type="simple">
      <text fill="" font-family="Verdana" font-size="13" lengthAdjust="spacing" text-decoration="underline" textLength="21" x="142" y="171.6978">out</text>
    </a>
    <line style="stroke:#000000;stroke-width:2.0;" x1="537" x2="547" y1="201.2266" y2="211.2266"/>
    <line style="stroke:#000000;stroke-width:2.0;" x1="537" x2="547" y1="211.2266" y2="201.2266"/>
    <line style="stroke:#000000;stroke-width:1.0;" x1="207" x2="542" y1="206.2266" y2="206.2266"/>
    <a href="#4" target="_top" title="An interaction description that is long enough to need abbreviating" xlink:actuate="onRequest" xlink:href="#4" xlink:show="new" xlink:title="An interaction description that is long enough to need abbreviating" xlink:type="simple">
      <text fill="" font-family="Verdana" font-size="13" lengthAdjust="spacing" text-decoration="underline" textLength="324" x="214" y="201.4971">An interaction description that is long enough ...</text>
    </a>
    <polygon fill="#000000" points="218,232.0259,208,236.0259,218,240.0259,214,236.0259" style="stroke:#000000;stroke-width:1.0;"/>
    <line style="stroke:#000000;stroke-width:1.0;stroke-dasharray:2.0,2.0;" x1="212" x2="554" y1="236.0259" y2="236.0259"/>
    <a href="#5" target="_top" title="A synchronous response" xlink:actuate="onRequest" xlink:href="#5" xlink:show="new" xlink:title="A synchronous response" xlink:type="simple">
      <text fill="" font-family="Verdana" font-size="13" lengthAdjust="spacing" text-decoration="underline" textLength="162" x="224" y="231.2964">A synchronous response</text>
    </a>
  </g>
</svg>
</figure>
            <div onclick="location.href='#!';" id="11" class="overlay">
                <div class="popup" onclick="event.stopPropagation();">
                    <h2>PlantUml markup</h2>
                    <span class="copy" title="copy" onclick="copyToClipboard('sequence_uml_code11')"></span>
                    <a class="close" href="#!">&times;</a>
                    <div class="content">
                        <pre><code id="sequence_uml_code11">@startuml

!theme plain

skinparam backgroundColor transparent

hide unlinked


!include &lt;tupadr3/font-awesome-5/hamburger&gt;

!include &lt;tupadr3/font-awesome-5/heart&gt;



actor A as &quot;Arnie&quot;

boundary UnusedParticipant

database B as &quot;Badboy\nDB&quot;



?-&gt; A: &lt;text fill&#x3D;&quot;&quot;&gt;[[#1 {in} in]]&lt;/text&gt;

A &lt;-&gt; B: &lt;text fill&#x3D;&quot;&quot;&gt;[[#2 {Message 1} Message 1]]&lt;/text&gt;

B -&gt;?: &lt;text fill&#x3D;&quot;&quot;&gt;[[#3 {out} out]]&lt;/text&gt;

Beta -&gt;x Gamma: &lt;text fill&#x3D;&quot;&quot;&gt;[[#4 {An interaction description that is long enough to need abbreviating} An interaction description that is long enough ...]]&lt;/text&gt;

Gamma --&gt; Beta: &lt;text fill&#x3D;&quot;&quot;&gt;[[#5 {A synchronous response} A synchronous response]]&lt;/text&gt;


@enduml</code></pre>
                    </div>
                </div>
            </div>
            <sub><a href="#11">[source]</a></sub>
            <sub><a href="#12">[component diagram]</a></sub>
        </section>
        <!-- Popup for component diagram -->
        <div onclick="location.href='#!';" id="12" class="overlay">
            <div class="popup" onclick="event.stopPropagation();">
                <h2>Component Diagram</h2>
                <a class="close" href="#!">&times;</a>
                <div class="content">
                    <pre><?xml version="1.0" encoding="UTF-8"?>

<svg xmlns="http://www.w3.org/2000/svg" xmlns:xlink="http://www.w3.org/1999/xlink" contentStyleType="text/css" height="218px" preserveAspectRatio="none" style="width:171px;height:218px;" version="1.1" viewBox="0 0 171 218" width="171px" zoomAndPan="magnify">
  <defs/>
  <g>
    <g id="elem_A">
      <ellipse cx="47" cy="26" fill="#FFFFFF" rx="8" ry="8" style="stroke:#000000;stroke-width:1.0;"/>
      <path d="M47,34 L47,61 M34,42 L60,42 M47,61 L34,76 M47,61 L60,76 " fill="none" style="stroke:#000000;stroke-width:1.0;"/>
      <text fill="#000000" font-family="Verdana" font-size="14" lengthAdjust="spacing" textLength="37" x="28.5" y="92.0752">Arnie</text>
    </g>
    <g id="elem_B">
      <path d="M11,148.5 C11,138.5 47,138.5 47,138.5 C47,138.5 83,138.5 83,148.5 L83,191.5293 C83,201.5293 47,201.5293 47,201.5293 C47,201.5293 11,201.5293 11,191.5293 L11,148.5 " fill="#FFFFFF" style="stroke:#000000;stroke-width:1.0;"/>
      <path d="M11,148.5 C11,158.5 47,158.5 47,158.5 C47,158.5 83,158.5 83,148.5 " fill="none" style="stroke:#000000;stroke-width:1.0;"/>
      <text fill="#000000" font-family="Verdana" font-size="14" lengthAdjust="spacing" textLength="52" x="21" y="176.5752">Badboy</text>
      <text fill="#000000" font-family="Verdana" font-size="14" lengthAdjust="spacing" textLength="21" x="21" y="193.5898">DB</text>
    </g>
    <g id="elem_Beta">
      <rect fill="#FFFFFF" height="47.0146" rx="2.5" ry="2.5" style="stroke:#000000;stroke-width:1.0;" width="72" x="93" y="32.5"/>
      <rect fill="#FFFFFF" height="10" style="stroke:#000000;stroke-width:1.0;" width="15" x="145" y="37.5"/>
      <rect fill="#FFFFFF" height="2" style="stroke:#000000;stroke-width:1.0;" width="4" x="143" y="39.5"/>
      <rect fill="#FFFFFF" height="2" style="stroke:#000000;stroke-width:1.0;" width="4" x="143" y="43.5"/>
      <text fill="#000000" font-family="Verdana" font-size="14" lengthAdjust="spacing" textLength="32" x="108" y="66.5752">Beta</text>
    </g>
    <g id="elem_Gamma">
      <ellipse cx="129" cy="140" fill="#FFFFFF" rx="8" ry="8" style="stroke:#000000;stroke-width:1.0;"/>
      <path d="M129,148 L129,175 M116,156 L142,156 M129,175 L116,190 M129,175 L142,190 " fill="none" style="stroke:#000000;stroke-width:1.0;"/>
      <text fill="#000000" font-family="Verdana" font-size="14" lengthAdjust="spacing" textLength="55" x="101.5" y="206.0752">Gamma</text>
    </g>
    <path d="M47,95.2308 C47,109.299 47,125.0363 47,138.3504 " fill="none" style="stroke:#000000;stroke-width:1.0;"/>
    <polygon fill="#000000" points="47,138.3504,51,129.3504,47,133.3504,43,129.3504,47,138.3504" style="stroke:#000000;stroke-width:1.0;"/>
    <path d="M129,79.6649 C129,94.3663 129,113.8871 129,130.9305 " fill="none" style="stroke:#000000;stroke-width:1.0;"/>
    <polygon fill="#000000" points="129,130.9305,133,121.9305,129,125.9305,125,121.9305,129,130.9305" style="stroke:#000000;stroke-width:1.0;"/>
  </g>
</svg>
</pre>
                </div>
                <sub><a href="#uml12">[source]</a></sub>
            </div>
        </div>
        <!-- Popup for component diagram UML via component diagram popup -->
        <div onclick="location.href='#!';" id="uml12" class="overlay">
            <div class="popup" onclick="event.stopPropagation();">
                <h2>PlantUml markup</h2>
                <span class="copy" title="copy" onclick="copyToClipboard('component_uml_code12')"></span>
                <a class="close" href="#12">&times;</a><!--show previous popup on close-->
                <div class="content">
                    <pre><code id="component_uml_code12">@startuml
!pragma layout smetana
!theme plain
skinparam backgroundColor transparent

actor A as &quot;Arnie&quot;
boundary UnusedParticipant
database B as &quot;Badboy\nDB&quot;


[A] --&gt; B
[Beta] --&gt; Gamma


remove @unlinked
@enduml</code></pre>
                </div>
            </div>
        </div>
        <!-- Section containing data for sequence diagram popups -->
        
        <div onclick="location.href='#!';" id="1" class="overlay">
            <div class="popup" onclick="event.stopPropagation();">
                <h2>in</h2>
                <a class="close" href="#!">&times;</a>
                <div class="content">
                    <pre>start some job</pre>
                </div>
            </div>
        </div>
        
        <div onclick="location.href='#!';" id="2" class="overlay">
            <div class="popup" onclick="event.stopPropagation();">
                <h2>Message 1</h2>
                <a class="close" href="#!">&times;</a>
                <div class="content">
                    <pre>some data 1</pre>
                </div>
            </div>
        </div>
        
        <div onclick="location.href='#!';" id="3" class="overlay">
            <div class="popup" onclick="event.stopPropagation();">
                <h2>out</h2>
                <a class="close" href="#!">&times;</a>
                <div class="content">
                    <pre>some data 1</pre>
                </div>
            </div>
        </div>
        
        <div onclick="location.href='#!';" id="4" class="overlay">
            <div class="popup" onclick="event.stopPropagation();">
                <h2>An interaction description that is long enough ...</h2>
                <a class="close" href="#!">&times;</a>
                <div class="content">
                    <pre>β</pre>
                </div>
            </div>
        </div>
        
        <div onclick="location.href='#!';" id="5" class="overlay">
            <div class="popup" onclick="event.stopPropagation();">
                <h2>A synchronous response</h2>
                <a class="close" href="#!">&times;</a>
                <div class="content">
                    <pre>200 OK</pre>
                </div>
            </div>
        </div>
        
        
    </article>
    

    <article id="13">
        <span onclick="location.href='#top';" title="top of page" class="back_to_top"></span>
        <h2 class="warn">A Warning scenario</h2>
        <section class="description warn">
            <h3 class="warn">Description</h3>
            <p>A popup with a long text that needs scrolling: <a href="#kljasdlfj">click me!</a><div id="kljasdlfj" class="overlay" onclick="location.href=&#x27;#!&#x27;;"><div class="popup" onclick="event.stopPropagation();"><h2>I am popup</h2><a class="close" href="#!">&times;</a><div class="content">.. Lorem ipsum dolor sit amet, consectetur adipiscing elit, sed do eiusmod tempor incididunt ut labore et dolore magna aliqua. Ut enim ad minim veniam, quis nostrud exercitation ullamco laboris nisi ut aliquip ex ea commodo consequat. Duis aute irure dolor in reprehenderit in voluptate velit esse cillum dolore eu fugiat nulla pariatur. Excepteur sint occaecat cupidatat non proident, sunt in culpa qui officia deserunt mollit anim id est laborum.</div></div></div></p>
        </section>
        
        <aside class="facts">
            <div class="factTable">
                <h3>Key Facts</h3>
                <div class="factRow">
                    <div class="factRowHead">Description</div>
                    <div class="factRowHead">Value</div>
                </div>
                
                <div class="factRow">
                    <div class="factCell">Something to highlight</div>
                    <div class="factCell">Lorem</div>
                </div>
                
                <div class="factRow">
                    <div class="factCell">Something else to highlight</div>
                    <div class="factCell">amet</div>
                </div>
                
                <div class="factRow">
                    <div class="factCell">Something else to highlight</div>
                    <div class="factCell">consectetur</div>
                </div>
                
                <div class="factRow">
                    <div class="factCell">Something else to highlight</div>
                    <div class="factCell">Thank you!</div>
                </div>
                
            </div>
        </aside>
        
        
        <section class="sequence diagram svg warn">
            <h3 class="warn">Sequence Diagram</h3>
            <figure><?xml version="1.0" encoding="UTF-8"?>

<svg xmlns="http://www.w3.org/2000/svg" xmlns:xlink="http://www.w3.org/1999/xlink" contentStyleType="text/css" height="301px" preserveAspectRatio="none" style="width:297px;height:301px;" version="1.1" viewBox="0 0 297 301" width="297px" zoomAndPan="magnify">
  <defs/>
  <g>
    <line style="stroke:#000000;stroke-width:1.0;" x1="107" x2="107" y1="85.0293" y2="128.2293"/>
    <line style="stroke:#000000;stroke-width:1.0;stroke-dasharray:1.0,4.0;" x1="107" x2="107" y1="128.2293" y2="156.2293"/>
    <line style="stroke:#000000;stroke-width:1.0;" x1="107" x2="107" y1="156.2293" y2="205.4293"/>
    <line style="stroke:#000000;stroke-width:1.0;" x1="262.5" x2="262.5" y1="85.0293" y2="128.2293"/>
    <line style="stroke:#000000;stroke-width:1.0;stroke-dasharray:1.0,4.0;" x1="262.5" x2="262.5" y1="128.2293" y2="156.2293"/>
    <line style="stroke:#000000;stroke-width:1.0;" x1="262.5" x2="262.5" y1="156.2293" y2="205.4293"/>
    <text fill="#000000" font-family="Verdana" font-size="14" lengthAdjust="spacing" textLength="37" x="86" y="82.0898">Arnie</text>
    <ellipse cx="107.5" cy="16.0146" fill="#FFFFFF" rx="8" ry="8" style="stroke:#000000;stroke-width:1.0;"/>
    <path d="M107.5,24.0146 L107.5,51.0146 M94.5,32.0146 L120.5,32.0146 M107.5,51.0146 L94.5,66.0146 M107.5,51.0146 L120.5,66.0146 " fill="none" style="stroke:#000000;stroke-width:1.0;"/>
    <text fill="#000000" font-family="Verdana" font-size="14" lengthAdjust="spacing" textLength="37" x="86" y="218.5045">Arnie</text>
    <ellipse cx="107.5" cy="230.4439" fill="#FFFFFF" rx="8" ry="8" style="stroke:#000000;stroke-width:1.0;"/>
    <path d="M107.5,238.4439 L107.5,265.4439 M94.5,246.4439 L120.5,246.4439 M107.5,265.4439 L94.5,280.4439 M107.5,265.4439 L120.5,280.4439 " fill="none" style="stroke:#000000;stroke-width:1.0;"/>
    <text fill="#000000" font-family="Verdana" font-size="14" lengthAdjust="spacing" textLength="52" x="233.5" y="65.0752">Badboy</text>
    <text fill="#000000" font-family="Verdana" font-size="14" lengthAdjust="spacing" textLength="21" x="249" y="82.0898">DB</text>
    <path d="M244.5,15 C244.5,5 262.5,5 262.5,5 C262.5,5 280.5,5 280.5,15 L280.5,41 C280.5,51 262.5,51 262.5,51 C262.5,51 244.5,51 244.5,41 L244.5,15 " fill="#FFFFFF" style="stroke:#000000;stroke-width:1.5;"/>
    <path d="M244.5,15 C244.5,25 262.5,25 262.5,25 C262.5,25 280.5,25 280.5,15 " fill="none" style="stroke:#000000;stroke-width:1.5;"/>
    <text fill="#000000" font-family="Verdana" font-size="14" lengthAdjust="spacing" textLength="52" x="233.5" y="218.5045">Badboy</text>
    <text fill="#000000" font-family="Verdana" font-size="14" lengthAdjust="spacing" textLength="21" x="249" y="235.5191">DB</text>
    <path d="M244.5,248.4586 C244.5,238.4586 262.5,238.4586 262.5,238.4586 C262.5,238.4586 280.5,238.4586 280.5,248.4586 L280.5,274.4586 C280.5,284.4586 262.5,284.4586 262.5,284.4586 C262.5,284.4586 244.5,284.4586 244.5,274.4586 L244.5,248.4586 " fill="#FFFFFF" style="stroke:#000000;stroke-width:1.5;"/>
    <path d="M244.5,248.4586 C244.5,258.4586 262.5,258.4586 262.5,258.4586 C262.5,258.4586 280.5,258.4586 280.5,248.4586 " fill="none" style="stroke:#000000;stroke-width:1.5;"/>
    <polygon fill="#FFA500" points="250.5,116.2293,260.5,120.2293,250.5,124.2293,254.5,120.2293" style="stroke:#FFA500;stroke-width:1.0;"/>
    <line style="stroke:#FFA500;stroke-width:1.0;stroke-dasharray:2.0,2.0;" x1="107.5" x2="256.5" y1="120.2293" y2="120.2293"/>
    <a href="#6" target="_top" title="Sending food" xlink:actuate="onRequest" xlink:href="#6" xlink:show="new" xlink:title="Sending food" xlink:type="simple">
      <text fill="orange" font-family="Verdana" font-size="13" lengthAdjust="spacing" text-decoration="underline" textLength="87" x="114.5" y="112.0991">Sending food</text>
    </a>
    <a href="#6" target="_top" title="Sending food" xlink:actuate="onRequest" xlink:href="#6" xlink:show="new" xlink:title="Sending food" xlink:type="simple">
      <image height="19" width="19" x="206.5" xlink:href="data:image/png;base64,iVBORw0KGgoAAAANSUhEUgAAABMAAAATCAIAAAD9MqGbAAAA9ElEQVR4Xp2TMQqDMBSGU0S6dquCnQrewsnByYMIbt6idCgUurk7uXiH3qHgIoJ0KCiCYKXwmlSD6SuE1J9v0OT/4hsigaUheEFI3+MVMdh8PMDzYLuF1QoIYRgGWylLVBTMuobdbmqPOM7Xq22zc7F5u4GmsW1RjuP5ebNhBV2HPBfMppk1sS1yOMB+Pz13HTejCPfk+D43kwTvyTkeuUlzvUKWKUGbY5h5v8P5zE5S4XKBquLm7zxy1mt4vRaZ9JK07cek01sWmKYqacqnHQYoij94PrkZBHgeOa7LzdMJ78kJQ27Sr6O7LoE2x+C/TD3LzTeit8koBlhA2AAAAABJRU5ErkJggg==" y="99.0293"/>
    </a>
    <polygon fill="#FF0000" points="118.5,178.729,108.5,182.729,118.5,186.729,114.5,182.729" style="stroke:#FF0000;stroke-width:1.0;"/>
    <line style="stroke:#FF0000;stroke-width:1.0;" x1="112.5" x2="261.5" y1="182.729" y2="182.729"/>
    <a href="#7" target="_top" title="Sending a response" xlink:actuate="onRequest" xlink:href="#7" xlink:show="new" xlink:title="Sending a response" xlink:type="simple">
      <text fill="red" font-family="Verdana" font-size="13" lengthAdjust="spacing" text-decoration="underline" textLength="131" x="124.5" y="177.9995">Sending a response</text>
    </a>
    <path d="M10,161.2293 L10,190.2293 L103,190.2293 L103,171.2293 L93,161.2293 L10,161.2293 " fill="#FFFFFF" style="stroke:#000000;stroke-width:1.0;"/>
    <path d="M93,161.2293 L93,171.2293 L103,171.2293 L93,161.2293 " fill="#FFFFFF" style="stroke:#000000;stroke-width:1.0;"/>
    <text fill="#000000" font-family="Verdana" font-size="13" lengthAdjust="spacing" textLength="48" x="16" y="182.6998">Friends</text>
    <image height="19" width="19" x="69" xlink:href="data:image/png;base64,iVBORw0KGgoAAAANSUhEUgAAABMAAAATCAIAAAD9MqGbAAAA6klEQVR4Xp2SQQqCYBSElYR24sKV0AE8h+DaQwRewm3rFkIgrl20EjyAHaBb5NJ1pBS+nv+f9TdqgcOsZuZTlKfRUmkY3O+YSDUNBArpeWQYpGlkmhSGn3y77RPO12vyfXo8ZCzI240sq+9U2zZdr+Q4mLMFLMggwE56tcJEmt/8Isfdb/MTu24Rya7rpWTbCnKzweK3XXf4zstl9mdMuqoGknU+Yz3n00kSyiWUJek67sDH43v+fX1FgVPVea5uR3ebZQhIHw4wHJGsNEUsSXAzTbL2+w8WRdgKzZCs3a7H4hjzQfPkPy0nn8DR2HKC9FpXAAAAAElFTkSuQmCC" y="166.2293"/>
  </g>
</svg>
</figure>
            <div onclick="location.href='#!';" id="14" class="overlay">
                <div class="popup" onclick="event.stopPropagation();">
                    <h2>PlantUml markup</h2>
                    <span class="copy" title="copy" onclick="copyToClipboard('sequence_uml_code14')"></span>
                    <a class="close" href="#!">&times;</a>
                    <div class="content">
                        <pre><code id="sequence_uml_code14">@startuml

!theme plain

skinparam backgroundColor transparent

hide unlinked


!include &lt;tupadr3/font-awesome-5/hamburger&gt;

!include &lt;tupadr3/font-awesome-5/heart&gt;



actor A as &quot;Arnie&quot;

boundary UnusedParticipant

database B as &quot;Badboy\nDB&quot;



A --[#orange]&gt; B: &lt;text fill&#x3D;&quot;orange&quot;&gt;[[#6 {Sending food} Sending food &lt;$hamburger{scale&#x3D;0.4}&gt;]]&lt;/text&gt;

...

B -[#red]&gt; A: &lt;text fill&#x3D;&quot;red&quot;&gt;[[#7 {Sending a response} Sending a response]]&lt;/text&gt;

note left: Friends &lt;$heart{scale&#x3D;0.4,color&#x3D;red}&gt;


@enduml</code></pre>
                    </div>
                </div>
            </div>
            <sub><a href="#14">[source]</a></sub>
            <sub><a href="#15">[component diagram]</a></sub>
        </section>
        <!-- Popup for component diagram -->
        <div onclick="location.href='#!';" id="15" class="overlay">
            <div class="popup" onclick="event.stopPropagation();">
                <h2>Component Diagram</h2>
                <a class="close" href="#!">&times;</a>
                <div class="content">
                    <pre><?xml version="1.0" encoding="UTF-8"?>

<svg xmlns="http://www.w3.org/2000/svg" xmlns:xlink="http://www.w3.org/1999/xlink" contentStyleType="text/css" height="199px" preserveAspectRatio="none" style="width:100px;height:199px;" version="1.1" viewBox="0 0 100 199" width="100px" zoomAndPan="magnify">
  <defs/>
  <g>
    <g id="elem_A">
      <ellipse cx="47" cy="125" fill="#FFFFFF" rx="8" ry="8" style="stroke:#000000;stroke-width:1.0;"/>
      <path d="M47,133 L47,160 M34,141 L60,141 M47,160 L34,175 M47,160 L60,175 " fill="none" style="stroke:#000000;stroke-width:1.0;"/>
      <text fill="#000000" font-family="Verdana" font-size="14" lengthAdjust="spacing" textLength="37" x="28.5" y="191.0752">Arnie</text>
    </g>
    <g id="elem_B">
      <path d="M11,27 C11,17 47,17 47,17 C47,17 83,17 83,27 L83,70.0293 C83,80.0293 47,80.0293 47,80.0293 C47,80.0293 11,80.0293 11,70.0293 L11,27 " fill="#FFFFFF" style="stroke:#000000;stroke-width:1.0;"/>
      <path d="M11,27 C11,37 47,37 47,37 C47,37 83,37 83,27 " fill="none" style="stroke:#000000;stroke-width:1.0;"/>
      <text fill="#000000" font-family="Verdana" font-size="14" lengthAdjust="spacing" textLength="52" x="21" y="55.0752">Badboy</text>
      <text fill="#000000" font-family="Verdana" font-size="14" lengthAdjust="spacing" textLength="21" x="21" y="72.0898">DB</text>
    </g>
    <path d="M47,80.0066 C47,91.2119 47,104.041 47,115.8353 " fill="none" style="stroke:#000000;stroke-width:1.0;"/>
    <polygon fill="#000000" points="47,115.8353,51,106.8353,47,110.8353,43,106.8353,47,115.8353" style="stroke:#000000;stroke-width:1.0;"/>
  </g>
</svg>
</pre>
                </div>
                <sub><a href="#uml15">[source]</a></sub>
            </div>
        </div>
        <!-- Popup for component diagram UML via component diagram popup -->
        <div onclick="location.href='#!';" id="uml15" class="overlay">
            <div class="popup" onclick="event.stopPropagation();">
                <h2>PlantUml markup</h2>
                <span class="copy" title="copy" onclick="copyToClipboard('component_uml_code15')"></span>
                <a class="close" href="#15">&times;</a><!--show previous popup on close-->
                <div class="content">
                    <pre><code id="component_uml_code15">@startuml
!pragma layout smetana
!theme plain
skinparam backgroundColor transparent

actor A as &quot;Arnie&quot;
boundary UnusedParticipant
database B as &quot;Badboy\nDB&quot;


[B] --&gt; A


remove @unlinked
@enduml</code></pre>
                </div>
            </div>
        </div>
        <!-- Section containing data for sequence diagram popups -->
        
        <div onclick="location.href='#!';" id="6" class="overlay">
            <div class="popup" onclick="event.stopPropagation();">
                <h2>Sending food</h2>
                <a class="close" href="#!">&times;</a>
                <div class="content">
                    <pre></pre>
                </div>
            </div>
        </div>
        
        <div onclick="location.href='#!';" id="7" class="overlay">
            <div class="popup" onclick="event.stopPropagation();">
                <h2>Sending a response</h2>
                <a class="close" href="#!">&times;</a>
                <div class="content">
                    <pre>Thank You!</pre>
                </div>
            </div>
        </div>
        
        
    </article>
    

    <article id="16">
        <span onclick="location.href='#top';" title="top of page" class="back_to_top"></span>
        <h2 class="error">An Error scenario</h2>
        <section class="description error">
            <h3 class="error">Description</h3>
            <p>Failure! Expected value to be 123 but was 123456</p>
        </section>
        
        <aside class="facts">
            <div class="factTable">
                <h3>Key Facts</h3>
                <div class="factRow">
                    <div class="factRowHead">Description</div>
                    <div class="factRowHead">Value</div>
                </div>
                
                <div class="factRow">
                    <div class="factCell">some important value</div>
                    <div class="factCell">123456</div>
                </div>
                
            </div>
        </aside>
        
        
        <section class="sequence diagram svg error">
            <h3 class="error">Sequence Diagram</h3>
            <figure><?xml version="1.0" encoding="UTF-8"?>

<svg xmlns="http://www.w3.org/2000/svg" xmlns:xlink="http://www.w3.org/1999/xlink" contentStyleType="text/css" height="152px" preserveAspectRatio="none" style="width:268px;height:152px;" version="1.1" viewBox="0 0 268 152" width="268px" zoomAndPan="magnify">
  <defs/>
  <g>
    <line style="stroke:#000000;stroke-width:1.0;" x1="43" x2="43" y1="37.0146" y2="116.6133"/>
    <line style="stroke:#000000;stroke-width:1.0;" x1="227.5" x2="227.5" y1="37.0146" y2="116.6133"/>
    <rect fill="#FFFFFF" height="31.0146" rx="2.5" ry="2.5" style="stroke:#000000;stroke-width:1.0;" width="46" x="20" y="5"/>
    <text fill="#000000" font-family="Verdana" font-size="14" lengthAdjust="spacing" textLength="32" x="27" y="26.0752">Beta</text>
    <rect fill="#FFFFFF" height="31.0146" rx="2.5" ry="2.5" style="stroke:#000000;stroke-width:1.0;" width="46" x="20" y="115.6133"/>
    <text fill="#000000" font-family="Verdana" font-size="14" lengthAdjust="spacing" textLength="32" x="27" y="136.6885">Beta</text>
    <rect fill="#FFFFFF" height="31.0146" rx="2.5" ry="2.5" style="stroke:#000000;stroke-width:1.0;" width="69" x="193.5" y="5"/>
    <text fill="#000000" font-family="Verdana" font-size="14" lengthAdjust="spacing" textLength="55" x="200.5" y="26.0752">Gamma</text>
    <rect fill="#FFFFFF" height="31.0146" rx="2.5" ry="2.5" style="stroke:#000000;stroke-width:1.0;" width="69" x="193.5" y="115.6133"/>
    <text fill="#000000" font-family="Verdana" font-size="14" lengthAdjust="spacing" textLength="55" x="200.5" y="136.6885">Gamma</text>
    <polygon fill="#000000" points="216,64.814,226,68.814,216,72.814,220,68.814" style="stroke:#000000;stroke-width:1.0;"/>
    <line style="stroke:#000000;stroke-width:1.0;" x1="43" x2="222" y1="68.814" y2="68.814"/>
    <a href="#8" target="_top" title="a request" xlink:actuate="onRequest" xlink:href="#8" xlink:show="new" xlink:title="a request" xlink:type="simple">
      <text fill="" font-family="Verdana" font-size="13" lengthAdjust="spacing" text-decoration="underline" textLength="63" x="50" y="64.0845">a request</text>
    </a>
    <polygon fill="#000000" points="54,94.6133,44,98.6133,54,102.6133,50,98.6133" style="stroke:#000000;stroke-width:1.0;"/>
    <line style="stroke:#000000;stroke-width:1.0;stroke-dasharray:2.0,2.0;" x1="48" x2="227" y1="98.6133" y2="98.6133"/>
    <a href="#9" target="_top" title="a synchronous response" xlink:actuate="onRequest" xlink:href="#9" xlink:show="new" xlink:title="a synchronous response" xlink:type="simple">
      <text fill="" font-family="Verdana" font-size="13" lengthAdjust="spacing" text-decoration="underline" textLength="161" x="60" y="93.8838">a synchronous response</text>
    </a>
  </g>
</svg>
</figure>
            <div onclick="location.href='#!';" id="17" class="overlay">
                <div class="popup" onclick="event.stopPropagation();">
                    <h2>PlantUml markup</h2>
                    <span class="copy" title="copy" onclick="copyToClipboard('sequence_uml_code17')"></span>
                    <a class="close" href="#!">&times;</a>
                    <div class="content">
                        <pre><code id="sequence_uml_code17">@startuml

!theme plain

skinparam backgroundColor transparent

hide unlinked


!include &lt;tupadr3/font-awesome-5/hamburger&gt;

!include &lt;tupadr3/font-awesome-5/heart&gt;



actor A as &quot;Arnie&quot;

boundary UnusedParticipant

database B as &quot;Badboy\nDB&quot;



Beta -&gt; Gamma: &lt;text fill&#x3D;&quot;&quot;&gt;[[#8 {a request} a request]]&lt;/text&gt;

Gamma --&gt; Beta: &lt;text fill&#x3D;&quot;&quot;&gt;[[#9 {a synchronous response} a synchronous response]]&lt;/text&gt;


@enduml</code></pre>
                    </div>
                </div>
            </div>
            <sub><a href="#17">[source]</a></sub>
            <sub><a href="#18">[component diagram]</a></sub>
        </section>
        <!-- Popup for component diagram -->
        <div onclick="location.href='#!';" id="18" class="overlay">
            <div class="popup" onclick="event.stopPropagation();">
                <h2>Component Diagram</h2>
                <a class="close" href="#!">&times;</a>
                <div class="content">
                    <pre><?xml version="1.0" encoding="UTF-8"?>

<svg xmlns="http://www.w3.org/2000/svg" xmlns:xlink="http://www.w3.org/1999/xlink" contentStyleType="text/css" height="183px" preserveAspectRatio="none" style="width:89px;height:183px;" version="1.1" viewBox="0 0 89 183" width="89px" zoomAndPan="magnify">
  <defs/>
  <g>
    <g id="elem_Beta">
      <rect fill="#FFFFFF" height="47.0146" rx="2.5" ry="2.5" style="stroke:#000000;stroke-width:1.0;" width="72" x="11" y="17"/>
      <rect fill="#FFFFFF" height="10" style="stroke:#000000;stroke-width:1.0;" width="15" x="63" y="22"/>
      <rect fill="#FFFFFF" height="2" style="stroke:#000000;stroke-width:1.0;" width="4" x="61" y="24"/>
      <rect fill="#FFFFFF" height="2" style="stroke:#000000;stroke-width:1.0;" width="4" x="61" y="28"/>
      <text fill="#000000" font-family="Verdana" font-size="14" lengthAdjust="spacing" textLength="32" x="26" y="51.0752">Beta</text>
    </g>
    <g id="elem_Gamma">
      <ellipse cx="47" cy="109" fill="#FFFFFF" rx="8" ry="8" style="stroke:#000000;stroke-width:1.0;"/>
      <path d="M47,117 L47,144 M34,125 L60,125 M47,144 L34,159 M47,144 L60,159 " fill="none" style="stroke:#000000;stroke-width:1.0;"/>
      <text fill="#000000" font-family="Verdana" font-size="14" lengthAdjust="spacing" textLength="55" x="19.5" y="175.0752">Gamma</text>
    </g>
    <path d="M47,64.3692 C47,74.9588 47,87.8287 47,99.8282 " fill="none" style="stroke:#000000;stroke-width:1.0;"/>
    <polygon fill="#000000" points="47,99.8282,51,90.8282,47,94.8282,43,90.8282,47,99.8282" style="stroke:#000000;stroke-width:1.0;"/>
  </g>
</svg>
</pre>
                </div>
                <sub><a href="#uml18">[source]</a></sub>
            </div>
        </div>
        <!-- Popup for component diagram UML via component diagram popup -->
        <div onclick="location.href='#!';" id="uml18" class="overlay">
            <div class="popup" onclick="event.stopPropagation();">
                <h2>PlantUml markup</h2>
                <span class="copy" title="copy" onclick="copyToClipboard('component_uml_code18')"></span>
                <a class="close" href="#18">&times;</a><!--show previous popup on close-->
                <div class="content">
                    <pre><code id="component_uml_code18">@startuml
!pragma layout smetana
!theme plain
skinparam backgroundColor transparent

actor A as &quot;Arnie&quot;
boundary UnusedParticipant
database B as &quot;Badboy\nDB&quot;


[Beta] --&gt; Gamma


remove @unlinked
@enduml</code></pre>
                </div>
            </div>
        </div>
        <!-- Section containing data for sequence diagram popups -->
        
        <div onclick="location.href='#!';" id="8" class="overlay">
            <div class="popup" onclick="event.stopPropagation();">
                <h2>a request</h2>
                <a class="close" href="#!">&times;</a>
                <div class="content">
                    <pre>Please do something</pre>
                </div>
            </div>
        </div>
        
        <div onclick="location.href='#!';" id="9" class="overlay">
            <div class="popup" onclick="event.stopPropagation();">
                <h2>a synchronous response</h2>
                <a class="close" href="#!">&times;</a>
                <div class="content">
                    <pre>Some Error (123456)</pre>
                </div>
            </div>
        </div>
        
        
    </article>
    
</main>
</body>
<footer>
    <script type = "text/javascript" src = "https://d3js.org/d3.v4.min.js"></script>
    <link rel="stylesheet" href="https://cdn.jsdelivr.net/gh/highlightjs/cdn-release@11.0.0/build/styles/default.min.css">
    <script src="custom.js"></script>
    <script language = "javascript">
        addSliderForSvgZoom();
        highlightLifelinesWhenClicked();
    </script>
    <script src="https://cdn.jsdelivr.net/gh/highlightjs/cdn-release@11.0.0/build/highlight.min.js"></script>
    <script>hljs.highlightAll();</script>
    <script src="https://cdnjs.cloudflare.com/ajax/libs/mark.js/8.11.1/mark.min.js"></script>
    <script>
        highlightKeywords();
        
            
        
            
                
        highlightFact("13", "Lorem");
                
        highlightFact("13", "amet");
                
        highlightFact("13", "consectetur");
                
        highlightFact("13", "Thank you!");
                
            
        
            
                
        highlightFact("16", "123456");
                
            
        
        unMarkSvg();
    </script>
</footer>
</html>
