<!DOCTYPE html>
<html xmlns="http://www.w3.org/1999/xhtml" xmlns="http://www.w3.org/1999/html" xml:lang="en" lang="en">
<head>
    <title>No Diagrams Report (cleared down)</title>
    <link rel="stylesheet" href="style.css">
</head>
<body>
<main role="main">
    <h1 class="logo">LSD</h1>
    <h1>No Diagrams Report (cleared down)</h1>
    <article id="3">
        <span onclick="location.href='#top';" title="top of page" class="back_to_top"></span>
        <h2 class="success">A scenario without events (cleared down)</h2><section class="description success">
            <h3 class="success">Description</h3>
            This has no diagrams
        </section>
        
        
    </article>
</main>
</body>
<footer>
    <script type="text/javascript" src="https://d3js.org/d3.v4.min.js"></script>
    <link rel="stylesheet" href="https://cdn.jsdelivr.net/gh/highlightjs/cdn-release@11.0.0/build/styles/default.min.css">
    <script src="custom.js"></script>
    <script>
        addSliderForSvgZoom();
        highlightLifelinesWhenClicked();
    </script>
    <script src="https://cdn.jsdelivr.net/gh/highlightjs/cdn-release@11.0.0/build/highlight.min.js"></script>
    <script>hljs.highlightAll();</script>
    <script src="https://cdnjs.cloudflare.com/ajax/libs/mark.js/8.11.1/mark.min.js"></script>
    <script>
        highlightKeywords();
        unMarkSvg();
    </script>
</footer>
</html>
