@startuml
!pragma layout smetana
!theme plain
skinparam backgroundColor transparent

actor Arnie
boundary Bettie
control Cat


[Arnie] --> Bettie
[Bettie] --> Cat
[Cat] --> Arnie
[Bettie] --> Arnie
[Cat] --> Bettie


remove @unlinked
@enduml