<!DOCTYPE html>
<html xmlns="http://www.w3.org/1999/xhtml" xmlns="http://www.w3.org/1999/html" xml:lang="en" lang="en">
<head>
    <title>Fred is updated</title>
    <link rel="stylesheet" href="https://cdn.jsdelivr.net/gh/lsd-consulting/lsd-core@4/src/main/resources/static/style.min.css">
</head>
<body>
<main role="main">
    
    <h1 class="logo">LSD</h1>
    <h1>Fred is updated</h1><article id="4">
        <span class="articleStart"></span>
        <h2 class="success">Participant is updated</h2><section class="description success">
            <h3 class="success">Description</h3>
            Freddy is used
        </section>
        
        <section class="sequence diagram svg success">
            <h3 class="success">Sequence Diagram</h3>
            <figure><?xml version="1.0" encoding="us-ascii" standalone="no"?><svg xmlns="http://www.w3.org/2000/svg" xmlns:xlink="http://www.w3.org/1999/xlink" contentStyleType="text/css" height="263px" preserveAspectRatio="none" style="width:171px;height:263px;background:#FFFFFF;" version="1.1" viewBox="0 0 171 263" width="171px" zoomAndPan="magnify"><defs><filter height="300%" id="f1pw1klqxfmf2f" width="300%" x="-1" y="-1"><feGaussianBlur result="blurOut" stdDeviation="2.0"/><feColorMatrix in="blurOut" result="blurOut2" type="matrix" values="0 0 0 0 0 0 0 0 0 0 0 0 0 0 0 0 0 0 .4 0"/><feOffset dx="4.0" dy="4.0" in="blurOut2" result="blurOut3"/><feBlend in="SourceGraphic" in2="blurOut3" mode="normal"/></filter></defs><g><line style="stroke:#708090;stroke-width:1.0;stroke-dasharray:5.0,5.0;" x1="25" x2="25" y1="72.4883" y2="180.4199"/><line style="stroke:#708090;stroke-width:1.0;stroke-dasharray:5.0,5.0;" x1="72" x2="72" y1="72.4883" y2="180.4199"/><line style="stroke:#708090;stroke-width:1.0;stroke-dasharray:5.0,5.0;" x1="133" x2="133" y1="72.4883" y2="180.4199"/><rect fill="#FFA500" filter="url(#f1pw1klqxfmf2f)" height="30.4883" rx="2.5" ry="2.5" style="stroke:#7D8590;stroke-width:1.5;" width="18" x="15" y="38"/><text fill="#8392A2" font-family="sans-serif" font-size="14" lengthAdjust="spacing" textLength="4" x="22" y="58.5352">J</text><rect fill="#FFA500" filter="url(#f1pw1klqxfmf2f)" height="30.4883" rx="2.5" ry="2.5" style="stroke:#7D8590;stroke-width:1.5;" width="18" x="15" y="179.4199"/><text fill="#8392A2" font-family="sans-serif" font-size="14" lengthAdjust="spacing" textLength="4" x="22" y="199.9551">J</text><text fill="#8392A2" font-family="sans-serif" font-size="14" lengthAdjust="spacing" textLength="47" x="46" y="69.5352">Freddy</text><path d="M54.5,20 C54.5,10 72.5,10 72.5,10 C72.5,10 90.5,10 90.5,20 L90.5,46 C90.5,56 72.5,56 72.5,56 C72.5,56 54.5,56 54.5,46 L54.5,20 " fill="#800080" filter="url(#f1pw1klqxfmf2f)" style="stroke:#7D8590;stroke-width:1.5;"/><path d="M54.5,20 C54.5,30 72.5,30 72.5,30 C72.5,30 90.5,30 90.5,20 " fill="none" style="stroke:#7D8590;stroke-width:1.5;"/><text fill="#8392A2" font-family="sans-serif" font-size="14" lengthAdjust="spacing" textLength="47" x="46" y="192.9551">Freddy</text><path d="M54.5,205.9082 C54.5,195.9082 72.5,195.9082 72.5,195.9082 C72.5,195.9082 90.5,195.9082 90.5,205.9082 L90.5,231.9082 C90.5,241.9082 72.5,241.9082 72.5,241.9082 C72.5,241.9082 54.5,241.9082 54.5,231.9082 L54.5,205.9082 " fill="#800080" filter="url(#f1pw1klqxfmf2f)" style="stroke:#7D8590;stroke-width:1.5;"/><path d="M54.5,205.9082 C54.5,215.9082 72.5,215.9082 72.5,215.9082 C72.5,215.9082 90.5,215.9082 90.5,205.9082 " fill="none" style="stroke:#7D8590;stroke-width:1.5;"/><text fill="#8392A2" font-family="sans-serif" font-size="14" lengthAdjust="spacing" textLength="38" x="111.5" y="69.5352">Bettie</text><path d="M113,28 L113,52 M113,40 L130,40 " fill="none" filter="url(#f1pw1klqxfmf2f)" style="stroke:#7D8590;stroke-width:1.5;"/><ellipse cx="142" cy="40" fill="#FFFFFF" filter="url(#f1pw1klqxfmf2f)" rx="12" ry="12" style="stroke:#7D8590;stroke-width:1.5;"/><text fill="#8392A2" font-family="sans-serif" font-size="14" lengthAdjust="spacing" textLength="38" x="111.5" y="192.9551">Bettie</text><path d="M113,199.9082 L113,223.9082 M113,211.9082 L130,211.9082 " fill="none" filter="url(#f1pw1klqxfmf2f)" style="stroke:#7D8590;stroke-width:1.5;"/><ellipse cx="142" cy="211.9082" fill="#FFFFFF" filter="url(#f1pw1klqxfmf2f)" rx="12" ry="12" style="stroke:#7D8590;stroke-width:1.5;"/><polygon fill="#7D8590" points="60.5,99.7988,70.5,103.7988,60.5,107.7988,64.5,103.7988" style="stroke:#7D8590;stroke-width:1.0;"/><line style="stroke:#7D8590;stroke-width:1.5;" x1="25.5" x2="66.5" y1="103.7988" y2="103.7988"/><a href="#1" target="_top" title="" xlink:actuate="onRequest" xlink:href="#1" xlink:show="new" xlink:title="" xlink:type="simple"><text fill="#656D76" font-family="sans-serif" font-size="13" lengthAdjust="spacing" text-decoration="underline" textLength="16" x="32.5" y="99.0566">#1</text></a><polygon fill="#7D8590" points="121.5,129.1094,131.5,133.1094,121.5,137.1094,125.5,133.1094" style="stroke:#7D8590;stroke-width:1.0;"/><line style="stroke:#7D8590;stroke-width:1.5;" x1="72.5" x2="127.5" y1="133.1094" y2="133.1094"/><a href="#2" target="_top" title="" xlink:actuate="onRequest" xlink:href="#2" xlink:show="new" xlink:title="" xlink:type="simple"><text fill="#656D76" font-family="sans-serif" font-size="13" lengthAdjust="spacing" text-decoration="underline" textLength="16" x="79.5" y="128.3672">#2</text></a><polygon fill="#7D8590" points="121.5,158.4199,131.5,162.4199,121.5,166.4199,125.5,162.4199" style="stroke:#7D8590;stroke-width:1.0;"/><line style="stroke:#7D8590;stroke-width:1.5;" x1="72.5" x2="127.5" y1="162.4199" y2="162.4199"/><a href="#3" target="_top" title="" xlink:actuate="onRequest" xlink:href="#3" xlink:show="new" xlink:title="" xlink:type="simple"><text fill="#656D76" font-family="sans-serif" font-size="13" lengthAdjust="spacing" text-decoration="underline" textLength="16" x="79.5" y="157.6777">#3</text></a></g></svg></figure>
            <div onclick="location.href='#!';" id="5" class="overlay">
                <div class="popup" onclick="event.stopPropagation();">
                    <h2>PlantUml markup</h2>
                    <span class="copy" title="copy" onclick="copyToClipboard('sequence_uml_code5')"></span>
                    <a class="close" href="#!">&times;</a>
                    <div class="content">
                        <pre><code id="sequence_uml_code5">@startuml

!theme lsd-light from https://cdn.jsdelivr.net/gh/lsd-consulting/lsd-core@4/src/main/resources/static/

hide unlinked




participant Jake as &quot;J&quot; #orange

database Fred as &quot;Freddy&quot; #purple

boundary Bettie



Jake -&gt; Fred: [[#1 {} ]]

Fred -&gt; Bettie: [[#2 {} ]]

Fred -&gt; Bettie: [[#3 {} ]]


@enduml</code></pre>
                    </div>
                </div>
            </div>
            <sub><a href="#5">[source]</a></sub>
            <sub><a href="#6">[component diagram]</a></sub>
        </section>
        <!-- Popup for component diagram -->
        <div onclick="location.href='#!';" id="6" class="overlay">
            <div class="popup" onclick="event.stopPropagation();">
                <h2>Component Diagram</h2>
                <a class="close" href="#!">&times;</a>
                <div class="content">
                    <pre><?xml version="1.0" encoding="us-ascii" standalone="no"?><svg xmlns="http://www.w3.org/2000/svg" xmlns:xlink="http://www.w3.org/1999/xlink" contentStyleType="text/css" height="236px" preserveAspectRatio="none" style="width:96px;height:236px;" version="1.1" viewBox="0 0 96 236" width="96px" zoomAndPan="magnify"><defs/><g><!--entity Jake--><g id="elem_Jake"><rect fill="#FFA500" height="47.0146" rx="2.5" ry="2.5" style="stroke:#000000;stroke-width:1.0;" width="46" x="22" y="17"/><rect fill="#FFA500" height="10" style="stroke:#000000;stroke-width:1.0;" width="15" x="48" y="22"/><rect fill="#FFA500" height="2" style="stroke:#000000;stroke-width:1.0;" width="4" x="46" y="24"/><rect fill="#FFA500" height="2" style="stroke:#000000;stroke-width:1.0;" width="4" x="46" y="28"/><text fill="#000000" font-family="Verdana" font-size="14" lengthAdjust="spacing" textLength="6" x="37" y="51.0752">J</text></g><!--entity Fred--><g id="elem_Fred"><path d="M11,110 C11,100 45,100 45,100 C45,100 79,100 79,110 L79,136.0146 C79,146.0146 45,146.0146 45,146.0146 C45,146.0146 11,146.0146 11,136.0146 L11,110 " fill="#800080" style="stroke:#000000;stroke-width:1.0;"/><path d="M11,110 C11,120 45,120 45,120 C45,120 79,120 79,110 " fill="none" style="stroke:#000000;stroke-width:1.0;"/><text fill="#000000" font-family="Verdana" font-size="14" lengthAdjust="spacing" textLength="48" x="21" y="138.0752">Freddy</text></g><!--entity Bettie--><g id="elem_Bettie"><path d="M24.5,186 L24.5,210 M24.5,198 L41.5,198 " fill="none" style="stroke:#000000;stroke-width:1.0;"/><ellipse cx="53.5" cy="198" fill="#FFFFFF" rx="12" ry="12" style="stroke:#000000;stroke-width:1.0;"/><text fill="#000000" font-family="Verdana" font-size="14" lengthAdjust="spacing" textLength="42" x="24" y="228.0752">Bettie</text></g><path d="M45,64.3527 C45,75.5087 45,88.8726 45,99.9232 " fill="none" style="stroke:#000000;stroke-width:1.0;"/><polygon fill="#000000" points="45,99.9232,49,90.9232,45,94.9232,41,90.9232,45,99.9232" style="stroke:#000000;stroke-width:1.0;"/><path d="M45,146.2702 C45,157.2987 45,170.6182 45,181.831 " fill="none" style="stroke:#000000;stroke-width:1.0;"/><polygon fill="#000000" points="45,181.831,49,172.831,45,176.831,41,172.831,45,181.831" style="stroke:#000000;stroke-width:1.0;"/></g></svg></pre>
                </div>
                <sub><a href="#uml6">[source]</a></sub>
            </div>
        </div>
        <!-- Popup for component diagram UML via component diagram popup -->
        <div onclick="location.href='#!';" id="uml6" class="overlay">
            <div class="popup" onclick="event.stopPropagation();">
                <h2>PlantUml markup</h2>
                <span class="copy" title="copy" onclick="copyToClipboard('component_uml_code6')"></span>
                <a class="close" href="#6">&times;</a><!--show previous popup on close-->
                <div class="content">
                    <pre><code id="component_uml_code6">@startuml
!pragma layout smetana
!theme plain
skinparam backgroundColor transparent

component Jake as &quot;J&quot; #orange
database Fred as &quot;Freddy&quot; #purple
boundary Bettie


[Jake] --&gt; Fred
[Fred] --&gt; Bettie


remove @unlinked
@enduml</code></pre>
                </div>
            </div>
        </div>
        <!-- Section containing data for sequence diagram popups --><div onclick="location.href='#!';" id="1" class="overlay">
            <div class="popup" onclick="event.stopPropagation();">
                <h2></h2>
                <a class="close" href="#!">&times;</a>
                <div class="content">
                    <pre></pre>
                </div>
            </div>
        </div><div onclick="location.href='#!';" id="2" class="overlay">
            <div class="popup" onclick="event.stopPropagation();">
                <h2></h2>
                <a class="close" href="#!">&times;</a>
                <div class="content">
                    <pre></pre>
                </div>
            </div>
        </div><div onclick="location.href='#!';" id="3" class="overlay">
            <div class="popup" onclick="event.stopPropagation();">
                <h2></h2>
                <a class="close" href="#!">&times;</a>
                <div class="content">
                    <pre></pre>
                </div>
            </div>
        </div>
    </article>
</main>
</body>
<footer>
    <script src="https://d3js.org/d3.v7.min.js"></script>
    <link rel="stylesheet" href="https://cdn.jsdelivr.net/gh/highlightjs/cdn-release@11/build/styles/dark.min.css">
    <script src="https://cdn.jsdelivr.net/gh/lsd-consulting/lsd-core@4/src/main/resources/static/custom.min.js"></script>
    <script>
        addSliderForSvgZoom();
        highlightLifelinesWhenClicked();
    </script>
    <script src="https://cdn.jsdelivr.net/gh/highlightjs/cdn-release@11/build/highlight.min.js"></script>
    <script>hljs.highlightAll();</script>
    <script src="https://cdnjs.cloudflare.com/ajax/libs/mark.js/8.11.1/mark.min.js"></script>
    <script>
        highlightKeywords();
        unMarkSvg();
    </script>
</footer>
</html>
