<!DOCTYPE html>
<html xmlns="http://www.w3.org/1999/xhtml" xmlns="http://www.w3.org/1999/html" xml:lang="en" lang="en">
<head>
    <title></title>
    <link rel="stylesheet" href="https://cdn.jsdelivr.net/gh/lsd-consulting/lsd-core@3/src/main/resources/static/style.min.css">
</head>
<body>
<main role="main">
    <h1 class="logo">LSD</h1>
    <div class="dropdown">
        <h1><label class="dropdown">Reports</label></h1>
        <div class="dropdown-content">
            <a class="error" href="FirstReport(error).html">First Report (Error)</a>
            <a class="warn" href="SecondReport(warn).html">Second Report (Warn)</a>
            <a class="success" href="ThirdReport.html">Third Report</a>
            <a class="" href="FourthReport.html">Fourth Report</a>
            
        </div>
    </div>
</main>
</body>
</html>