@startuml

!theme lsd-light from https://raw.githubusercontent.com/lsd-consulting/lsd-core/main/src/main/resources/static

hide unlinked


!include <tupadr3/font-awesome-5/clock>

!include <tupadr3/font-awesome-5/database>





A -> B: [[#1 {Sending a request} Sending a request]]

B --> A: [[#2 {Sending a response with a long label that should be abbreviated if all goes well} Sending a response with a long label that shoul...]]


@enduml
@startuml

!theme lsd-light from https://raw.githubusercontent.com/lsd-consulting/lsd-core/main/src/main/resources/static

hide unlinked


!include <tupadr3/font-awesome-5/clock>

!include <tupadr3/font-awesome-5/database>





B <-> A: [[#3 {On the phone} On the phone]]


@enduml