@startuml
!pragma layout smetana
!theme plain
skinparam backgroundColor transparent

component SomeServiceName


[A] --> B


remove @unlinked
@enduml