@startuml
!pragma layout smetana
!theme plain
skinparam backgroundColor transparent

component SomeService

[A] -> B

hide @unlinked
@enduml