@startuml

!theme plain
skinparam backgroundColor transparent

actor Nick

[A] -> B

hide @unlinked
@enduml