@startuml
!pragma layout smetana
!theme plain
skinparam backgroundColor transparent


[A] -> B

remove @unlinked
@enduml