<?xml version="1.0" encoding="UTF-8"?><svg xmlns="http://www.w3.org/2000/svg" xmlns:xlink="http://www.w3.org/1999/xlink" contentScriptType="application/ecmascript" contentStyleType="text/css" height="162px" preserveAspectRatio="none" style="width:188px;height:162px;" version="1.1" viewBox="0 0 188 162" width="188px" zoomAndPan="magnify">
    
  <defs>
        
    <filter height="300%" id="favoohugmnn2p" width="300%" x="-1" y="-1">
            
      <feGaussianBlur result="blurOut" stdDeviation="2.0"/>
            
      <feColorMatrix in="blurOut" result="blurOut2" type="matrix" values="0 0 0 0 0 0 0 0 0 0 0 0 0 0 0 0 0 0 .4 0"/>
            
      <feOffset dx="4.0" dy="4.0" in="blurOut2" result="blurOut3"/>
            
      <feBlend in="SourceGraphic" in2="blurOut3" mode="normal"/>
          
    </filter>
      
  </defs>
    
  <g>
        
    <line style="stroke:#A80036;stroke-width:1.0;stroke-dasharray:5.0,5.0;" x1="19" x2="19" y1="40.4883" y2="119.1094"/>
        
    <line style="stroke:#A80036;stroke-width:1.0;stroke-dasharray:5.0,5.0;" x1="165" x2="165" y1="40.4883" y2="119.1094"/>
        
    <rect fill="#FEFECE" filter="url(#favoohugmnn2p)" height="30.4883" style="stroke:#A80036;stroke-width:1.5;" width="24" x="5" y="5"/>
        
    <text fill="#000000" font-family="sans-serif" font-size="14" lengthAdjust="spacing" textLength="10" x="12" y="25.5352">A</text>
        
    <rect fill="#FEFECE" filter="url(#favoohugmnn2p)" height="30.4883" style="stroke:#A80036;stroke-width:1.5;" width="24" x="5" y="118.1094"/>
        
    <text fill="#000000" font-family="sans-serif" font-size="14" lengthAdjust="spacing" textLength="10" x="12" y="138.6445">A</text>
        
    <rect fill="#FEFECE" filter="url(#favoohugmnn2p)" height="30.4883" style="stroke:#A80036;stroke-width:1.5;" width="22" x="152" y="5"/>
        
    <text fill="#000000" font-family="sans-serif" font-size="14" lengthAdjust="spacing" textLength="8" x="159" y="25.5352">B</text>
        
    <rect fill="#FEFECE" filter="url(#favoohugmnn2p)" height="30.4883" style="stroke:#A80036;stroke-width:1.5;" width="22" x="152" y="118.1094"/>
        
    <text fill="#000000" font-family="sans-serif" font-size="14" lengthAdjust="spacing" textLength="8" x="159" y="138.6445">B</text>
        
    <polygon fill="#A80036" points="153,67.7988,163,71.7988,153,75.7988,157,71.7988" style="stroke:#A80036;stroke-width:1.0;"/>
        
    <line style="stroke:#A80036;stroke-width:1.0;" x1="19" x2="159" y1="71.7988" y2="71.7988"/>
        
    <a href="#1" target="_top" title="#1" xlink:actuate="onRequest" xlink:href="#1" xlink:show="new" xlink:title="#1" xlink:type="simple">
            
      <text fill="#0000FF" font-family="sans-serif" font-size="13" lengthAdjust="spacing" text-decoration="underline" textLength="112" x="26" y="67.0566">Sending a request</text>
          
    </a>
        
    <polygon fill="#A80036" points="30,97.1094,20,101.1094,30,105.1094,26,101.1094" style="stroke:#A80036;stroke-width:1.0;"/>
        
    <line style="stroke:#A80036;stroke-width:1.0;" x1="24" x2="164" y1="101.1094" y2="101.1094"/>
        
    <a href="#2" target="_top" title="#2" xlink:actuate="onRequest" xlink:href="#2" xlink:show="new" xlink:title="#2" xlink:type="simple">
            
      <text fill="#0000FF" font-family="sans-serif" font-size="13" lengthAdjust="spacing" text-decoration="underline" textLength="122" x="36" y="96.3672">Sending a response</text>
          
    </a>
      
  </g>
  
</svg>
