<!DOCTYPE html>
<html xmlns="http://www.w3.org/1999/xhtml" xml:lang="en" lang="en">
<head>
    <title>LSD</title>
    <style>
        .overlay {
            position: fixed;
            top: 0;
            bottom: 0;
            left: 0;
            right: 0;
            background: rgba(0, 0, 0, 0.7);
            transition: opacity 500ms;
            visibility: hidden;
            opacity: 0;
        }

        .overlay:target {
            visibility: visible;
            opacity: 1;
        }

        .popup {
            margin: 70px auto;
            padding: 20px;
            background: #fff;
            border-radius: 5px;
            max-width: 70%;
            position: relative;
            transition: all 5s ease-in-out;
        }

        h1, h2, h3 {
            margin-top: 0;
            color: #333;
            font-family: Tahoma, Arial, sans-serif;
        }

        .popup .close {
            position: absolute;
            top: 20px;
            right: 30px;
            transition: all 200ms;
            font-size: 30px;
            font-weight: bold;
            text-decoration: none;
            color: #333;
        }

        .popup .close:hover {
            color: #06D85F;
        }

        .popup .content {
            overflow: auto;
        }

        /*    Make Facts look like table*/
        .factTable {
            display: table;
        }

        .factRow {
            display: table-row;
        }

        .factRowHead {
            display: table-header-group;
            font-weight: bold;
        }

        .factCell, .factRowHead {
            display: table-cell;
            padding: 3px 10px;
            border: 1px solid #999999;
        }

        /* Some basic spacing for now  */
        section {
            border: 15px solid skyblue;
            padding: 50px;
            margin: 20px;
        }
    </style>
</head>
<body>
<main role="main">
    <h1>LSD</h1>
        <article>
        <h2>First Scenario</h2>
        <section class="description">
            <h3>Description</h3>
            <pre>Given a Cat
And a dog
When the dog barks
Then the cat hisses</pre>        </section>
                <section class="facts">
            <h3>Key Facts</h3>
            <div class="factTable">
                <div class="factRow">
                    <div class="factRowHead">Key</div>
                    <div class="factRowHead">Value</div>
                </div>
                                <div class="factRow">
                    <div class="factCell">Greeting</div>
                    <div class="factCell">Hi</div>
                </div>
                            </div>
        </section>
                <section class="sequence diagram svg">
            <h3>Sequence Diagram</h3>
            <?xml version="1.0" encoding="UTF-8"?>
<svg xmlns="http://www.w3.org/2000/svg" xmlns:xlink="http://www.w3.org/1999/xlink" contentScriptType="application/ecmascript" contentStyleType="text/css" height="301px" preserveAspectRatio="none" style="width:297px;height:301px;background:#FFFFFF;" version="1.1" viewBox="0 0 297 301" width="297px" zoomAndPan="magnify">
  <defs />
  <g>
    <line style="stroke:#000000;stroke-width:1.0;stroke-dasharray:5.0,5.0;" x1="107" x2="107" y1="85.0293" y2="128.2293" />
    <line style="stroke:#000000;stroke-width:1.0;stroke-dasharray:1.0,4.0;" x1="107" x2="107" y1="128.2293" y2="156.2293" />
    <line style="stroke:#000000;stroke-width:1.0;stroke-dasharray:5.0,5.0;" x1="107" x2="107" y1="156.2293" y2="205.4293" />
    <line style="stroke:#000000;stroke-width:1.0;stroke-dasharray:5.0,5.0;" x1="262" x2="262" y1="85.0293" y2="128.2293" />
    <line style="stroke:#000000;stroke-width:1.0;stroke-dasharray:1.0,4.0;" x1="262" x2="262" y1="128.2293" y2="156.2293" />
    <line style="stroke:#000000;stroke-width:1.0;stroke-dasharray:5.0,5.0;" x1="262" x2="262" y1="156.2293" y2="205.4293" />
    <text fill="#000000" font-family="Verdana" font-size="14" lengthAdjust="spacing" textLength="37" x="86" y="82.0898">Arnie</text>
    <ellipse cx="107.5" cy="16.0146" fill="#FFFFFF" rx="8" ry="8" style="stroke:#000000;stroke-width:1.0;" />
    <path d="M107.5,24.0146 L107.5,51.0146 M94.5,32.0146 L120.5,32.0146 M107.5,51.0146 L94.5,66.0146 M107.5,51.0146 L120.5,66.0146 " fill="none" style="stroke:#000000;stroke-width:1.0;" />
    <text fill="#000000" font-family="Verdana" font-size="14" lengthAdjust="spacing" textLength="37" x="86" y="218.5045">Arnie</text>
    <ellipse cx="107.5" cy="230.4439" fill="#FFFFFF" rx="8" ry="8" style="stroke:#000000;stroke-width:1.0;" />
    <path d="M107.5,238.4439 L107.5,265.4439 M94.5,246.4439 L120.5,246.4439 M107.5,265.4439 L94.5,280.4439 M107.5,265.4439 L120.5,280.4439 " fill="none" style="stroke:#000000;stroke-width:1.0;" />
    <text fill="#000000" font-family="Verdana" font-size="14" lengthAdjust="spacing" textLength="52" x="231" y="65.0752">Badboy</text>
    <text fill="#000000" font-family="Verdana" font-size="14" lengthAdjust="spacing" textLength="21" x="249" y="82.0898">DB</text>
    <path d="M244.5,15 C244.5,5 262.5,5 262.5,5 C262.5,5 280.5,5 280.5,15 L280.5,41 C280.5,51 262.5,51 262.5,51 C262.5,51 244.5,51 244.5,41 L244.5,15 " fill="#FFFFFF" style="stroke:#000000;stroke-width:1.5;" />
    <path d="M244.5,15 C244.5,25 262.5,25 262.5,25 C262.5,25 280.5,25 280.5,15 " fill="none" style="stroke:#000000;stroke-width:1.5;" />
    <text fill="#000000" font-family="Verdana" font-size="14" lengthAdjust="spacing" textLength="52" x="231" y="218.5045">Badboy</text>
    <text fill="#000000" font-family="Verdana" font-size="14" lengthAdjust="spacing" textLength="21" x="249" y="235.5191">DB</text>
    <path d="M244.5,248.4586 C244.5,238.4586 262.5,238.4586 262.5,238.4586 C262.5,238.4586 280.5,238.4586 280.5,248.4586 L280.5,274.4586 C280.5,284.4586 262.5,284.4586 262.5,284.4586 C262.5,284.4586 244.5,284.4586 244.5,274.4586 L244.5,248.4586 " fill="#FFFFFF" style="stroke:#000000;stroke-width:1.5;" />
    <path d="M244.5,248.4586 C244.5,258.4586 262.5,258.4586 262.5,258.4586 C262.5,258.4586 280.5,258.4586 280.5,248.4586 " fill="none" style="stroke:#000000;stroke-width:1.5;" />
    <polygon fill="#000000" points="250.5,116.2293,260.5,120.2293,250.5,124.2293,254.5,120.2293" style="stroke:#000000;stroke-width:1.0;" />
    <line style="stroke:#000000;stroke-width:1.0;" x1="107.5" x2="256.5" y1="120.2293" y2="120.2293" />
    <a href="#111" target="_top" title="#111" xlink:actuate="onRequest" xlink:href="#111" xlink:show="new" xlink:title="#111" xlink:type="simple">
      <text fill="#0000FF" font-family="Verdana" font-size="13" lengthAdjust="spacing" text-decoration="underline" textLength="87" x="114.5" y="112.0991">Sending food</text>
    </a>
    <a href="#111" target="_top" title="#111" xlink:actuate="onRequest" xlink:href="#111" xlink:show="new" xlink:title="#111" xlink:type="simple">
      <image height="19" width="19" x="206.5" xlink:href="data:image/png;base64,iVBORw0KGgoAAAANSUhEUgAAABMAAAATCAIAAAD9MqGbAAAA9ElEQVR4Xp2TMQqDMBSGU0S6dquCnQrewsnByYMIbt6idCgUurk7uXiH3qHgIoJ0KCiCYKXwmlSD6SuE1J9v0OT/4hsigaUheEFI3+MVMdh8PMDzYLuF1QoIYRgGWylLVBTMuobdbmqPOM7Xq22zc7F5u4GmsW1RjuP5ebNhBV2HPBfMppk1sS1yOMB+Pz13HTejCPfk+D43kwTvyTkeuUlzvUKWKUGbY5h5v8P5zE5S4XKBquLm7zxy1mt4vRaZ9JK07cek01sWmKYqacqnHQYoij94PrkZBHgeOa7LzdMJ78kJQ27Sr6O7LoE2x+C/TD3LzTeit8koBlhA2AAAAABJRU5ErkJggg==" y="99.0293" />
    </a>
    <line style="stroke:#000000;stroke-width:1.0;" x1="107.5" x2="117.5" y1="182.729" y2="178.729" />
    <line style="stroke:#000000;stroke-width:1.0;" x1="107.5" x2="117.5" y1="182.729" y2="186.729" />
    <line style="stroke:#000000;stroke-width:1.0;stroke-dasharray:2.0,2.0;" x1="107.5" x2="261.5" y1="182.729" y2="182.729" />
    <a href="#222" target="_top" title="#222" xlink:actuate="onRequest" xlink:href="#222" xlink:show="new" xlink:title="#222" xlink:type="simple">
      <text fill="#0000FF" font-family="Verdana" font-size="13" lengthAdjust="spacing" text-decoration="underline" textLength="131" x="124.5" y="177.9995">Sending a response</text>
    </a>
    <path d="M10,161.2293 L10,190.2293 L103,190.2293 L103,171.2293 L93,161.2293 L10,161.2293 " fill="#FFFFFF" style="stroke:#000000;stroke-width:1.0;" />
    <path d="M93,161.2293 L93,171.2293 L103,171.2293 L93,161.2293 " fill="#FFFFFF" style="stroke:#000000;stroke-width:1.0;" />
    <text fill="#000000" font-family="Verdana" font-size="13" lengthAdjust="spacing" textLength="48" x="16" y="182.6998">Friends</text>
    <image height="19" width="19" x="69" xlink:href="data:image/png;base64,iVBORw0KGgoAAAANSUhEUgAAABMAAAATCAIAAAD9MqGbAAAA+0lEQVR4Xp2Sz6pFUByFtygzGRgpD+A5lLGHUF7C1NhAKRkbGCkPwAN4C4bGQuTenz/XOVbHPeWbWWt9drTZz1MYPE/TBMnOMAyQvEzDMARBYIxJkuQ4zpnbtk0J5aIomqY5z/Oer2bf97IssyuKonRdp6oq5MQur6ZlWVhu8DyP0QadfJjYfIPeuCzLE5No2/ahOY7jamqahs2/6Lp+fGdd13c/4yNN0xwmUVUV9jeUZbkrr5tQFAXHcTi8kqbpub/cvjzPcftGlmXvY7y3SZKgsRGGISzRJOI4Bi2KIhx9NAnf90/NdV2sNz6bhOd5pAVBgMUft+ZXnpu/Yy0pOXekRvwAAAAASUVORK5CYII=" y="166.2293" />
  </g>
</svg>

        </section>
        <section class="sequence diagram uml">
            <h3>Sequence Diagram Markup</h3>
            <pre>@startuml

!theme plain
hide unlinked

!include &lt;tupadr3/font-awesome-5/hamburger&gt;
!include &lt;tupadr3/font-awesome-5/heart&gt;

actor A as &quot;Arnie&quot;
boundary UnusedParticipant
boundary AnotherUnusedParticipant as &quot;G&quot;
database B as &quot;Badboy \nDB&quot;

A -&gt; B:[[#111 Sending food &lt;$hamburger{scale=0.4}&gt;]]
...
B --&gt;&gt; A:[[#222 Sending a response]]
note left: Friends &lt;$heart{scale=0.4}&gt;

@enduml</pre>
        </section>
                <!-- Section containing data for sequence diagram popups -->
        <div id="111" class="overlay">
            <div class="popup">
                <h2>Sending food </h2>
                <a class="close" href="#!">&times;</a>
                <div class="content">
                    <pre>Hi</pre>
                </div>
            </div>
        </div>
                <!-- Section containing data for sequence diagram popups -->
        <div id="222" class="overlay">
            <div class="popup">
                <h2>Sending a response</h2>
                <a class="close" href="#!">&times;</a>
                <div class="content">
                    <pre>Thank You!</pre>
                </div>
            </div>
        </div>
            </article>
        <article>
        <h2>Second Scenario</h2>
        <section class="description">
            <h3>Description</h3>
            <p><ul><li>Some details</li><li>Some more details</li></ul></p>        </section>
                <section class="sequence diagram svg">
            <h3>Sequence Diagram</h3>
            <?xml version="1.0" encoding="UTF-8"?>
<svg xmlns="http://www.w3.org/2000/svg" xmlns:xlink="http://www.w3.org/1999/xlink" contentScriptType="application/ecmascript" contentStyleType="text/css" height="182px" preserveAspectRatio="none" style="width:660px;height:182px;background:#FFFFFF;" version="1.1" viewBox="0 0 660 182" width="660px" zoomAndPan="magnify">
  <defs />
  <g>
    <line style="stroke:#000000;stroke-width:1.0;stroke-dasharray:5.0,5.0;" x1="47" x2="47" y1="37.0146" y2="146.4126" />
    <line style="stroke:#000000;stroke-width:1.0;stroke-dasharray:5.0,5.0;" x1="164" x2="164" y1="37.0146" y2="146.4126" />
    <line style="stroke:#000000;stroke-width:1.0;stroke-dasharray:5.0,5.0;" x1="511.5" x2="511.5" y1="37.0146" y2="146.4126" />
    <line style="stroke:#000000;stroke-width:1.0;stroke-dasharray:5.0,5.0;" x1="628.5" x2="628.5" y1="37.0146" y2="146.4126" />
    <rect fill="#FFFFFF" height="31.0146" style="stroke:#000000;stroke-width:1.0;" width="54" x="20" y="5" />
    <text fill="#000000" font-family="Verdana" font-size="14" lengthAdjust="spacing" textLength="40" x="27" y="26.0752">Alpha</text>
    <rect fill="#FFFFFF" height="31.0146" style="stroke:#000000;stroke-width:1.0;" width="54" x="20" y="145.4126" />
    <text fill="#000000" font-family="Verdana" font-size="14" lengthAdjust="spacing" textLength="40" x="27" y="166.4878">Alpha</text>
    <rect fill="#FFFFFF" height="31.0146" style="stroke:#000000;stroke-width:1.0;" width="46" x="141" y="5" />
    <text fill="#000000" font-family="Verdana" font-size="14" lengthAdjust="spacing" textLength="32" x="148" y="26.0752">Beta</text>
    <rect fill="#FFFFFF" height="31.0146" style="stroke:#000000;stroke-width:1.0;" width="46" x="141" y="145.4126" />
    <text fill="#000000" font-family="Verdana" font-size="14" lengthAdjust="spacing" textLength="32" x="148" y="166.4878">Beta</text>
    <rect fill="#FFFFFF" height="31.0146" style="stroke:#000000;stroke-width:1.0;" width="69" x="477.5" y="5" />
    <text fill="#000000" font-family="Verdana" font-size="14" lengthAdjust="spacing" textLength="55" x="484.5" y="26.0752">Gamma</text>
    <rect fill="#FFFFFF" height="31.0146" style="stroke:#000000;stroke-width:1.0;" width="69" x="477.5" y="145.4126" />
    <text fill="#000000" font-family="Verdana" font-size="14" lengthAdjust="spacing" textLength="55" x="484.5" y="166.4878">Gamma</text>
    <rect fill="#FFFFFF" height="31.0146" style="stroke:#000000;stroke-width:1.0;" width="51" x="603.5" y="5" />
    <text fill="#000000" font-family="Verdana" font-size="14" lengthAdjust="spacing" textLength="37" x="610.5" y="26.0752">Delta</text>
    <rect fill="#FFFFFF" height="31.0146" style="stroke:#000000;stroke-width:1.0;" width="51" x="603.5" y="145.4126" />
    <text fill="#000000" font-family="Verdana" font-size="14" lengthAdjust="spacing" textLength="37" x="610.5" y="166.4878">Delta</text>
    <polygon fill="#000000" points="152,64.814,162,68.814,152,72.814,156,68.814" style="stroke:#000000;stroke-width:1.0;" />
    <line style="stroke:#000000;stroke-width:1.0;" x1="47" x2="158" y1="68.814" y2="68.814" />
    <a href="#333" target="_top" title="#333" xlink:actuate="onRequest" xlink:href="#333" xlink:show="new" xlink:title="#333" xlink:type="simple">
      <text fill="#0000FF" font-family="Verdana" font-size="13" lengthAdjust="spacing" text-decoration="underline" textLength="93" x="54" y="64.0845">An interaction</text>
    </a>
    <polygon fill="#000000" points="500,94.6133,510,98.6133,500,102.6133,504,98.6133" style="stroke:#000000;stroke-width:1.0;" />
    <line style="stroke:#000000;stroke-width:1.0;" x1="164" x2="506" y1="98.6133" y2="98.6133" />
    <a href="#444" target="_top" title="#444" xlink:actuate="onRequest" xlink:href="#444" xlink:show="new" xlink:title="#444" xlink:type="simple">
      <text fill="#0000FF" font-family="Verdana" font-size="13" lengthAdjust="spacing" text-decoration="underline" textLength="324" x="171" y="93.8838">An interaction description that is long enough ...</text>
    </a>
    <polygon fill="#000000" points="617,124.4126,627,128.4126,617,132.4126,621,128.4126" style="stroke:#000000;stroke-width:1.0;" />
    <line style="stroke:#000000;stroke-width:1.0;" x1="512" x2="623" y1="128.4126" y2="128.4126" />
    <a href="#555" target="_top" title="#555" xlink:actuate="onRequest" xlink:href="#555" xlink:show="new" xlink:title="#555" xlink:type="simple">
      <text fill="#0000FF" font-family="Verdana" font-size="13" lengthAdjust="spacing" text-decoration="underline" textLength="93" x="519" y="123.6831">An interaction</text>
    </a>
  </g>
</svg>

        </section>
        <section class="sequence diagram uml">
            <h3>Sequence Diagram Markup</h3>
            <pre>@startuml

!theme plain
hide unlinked



Alpha -&gt; Beta:[[#333 An interaction]]
Beta -&gt; Gamma:[[#444 An interaction description that is long enough ...]]
Gamma -&gt; Delta:[[#555 An interaction]]

@enduml</pre>
        </section>
                <!-- Section containing data for sequence diagram popups -->
        <div id="333" class="overlay">
            <div class="popup">
                <h2>An interaction</h2>
                <a class="close" href="#!">&times;</a>
                <div class="content">
                    <pre>{"name": "alpha", "description":"Something long to see how the popup window will respond to text that is wider than the initial box size"}</pre>
                </div>
            </div>
        </div>
                <!-- Section containing data for sequence diagram popups -->
        <div id="444" class="overlay">
            <div class="popup">
                <h2>An interaction description that is long enough ...</h2>
                <a class="close" href="#!">&times;</a>
                <div class="content">
                    <pre>β</pre>
                </div>
            </div>
        </div>
                <!-- Section containing data for sequence diagram popups -->
        <div id="555" class="overlay">
            <div class="popup">
                <h2>An interaction</h2>
                <a class="close" href="#!">&times;</a>
                <div class="content">
                    <pre>γ</pre>
                </div>
            </div>
        </div>
            </article>
    </main>
</body>
</html>
