<!DOCTYPE html>
<html xmlns="http://www.w3.org/1999/xhtml" xmlns="http://www.w3.org/1999/html" xml:lang="en" lang="en">
<head>
    <title></title>
    <style>
        body {
            margin-top: 0;
            font-family: Tahoma, Arial, sans-serif;
        }

        li a {
            text-decoration: none;
            list-style-position: inside;
            font-size: large;
            color: slategray;
        }

        li::marker {
            color: limegreen;
        }
    </style>
</head>
<body>
<main role="main">
    <h1>LSD Reports</h1>
    <ul>
                <li><a href="FirstReport.html">First Report</a></li>
                <li><a href="SecondReport.html">Second Report</a></li>
                <li><a href="ThirdReport.html">Third Report</a></li>
                <li><a href="FourthReport.html">Fourth Report</a></li>
            </ul>
</main>
</body>
</html>
