<!DOCTYPE html>
<html xmlns="http://www.w3.org/1999/xhtml" xmlns="http://www.w3.org/1999/html" xml:lang="en" lang="en">
<head>
    <title>Report 1</title>
    <style>
        .overlay {
            position: fixed;
            top: 0;
            bottom: 0;
            left: 0;
            right: 0;
            background: rgba(0, 0, 0, 0.7);
            transition: opacity 500ms;
            visibility: hidden;
            opacity: 0;
        }

        .overlay:target {
            visibility: visible;
            opacity: 1;
            overflow: scroll;
        }

        .popup {
            margin: 70px auto;
            padding: 20px;
            background: #fff;
            border-radius: 5px;
            max-width: 70%;
            position: relative;
            transition: all 5s ease-in-out;
        }

        h1, h2, h3 {
            margin-top: 0;
            color: #333;
            font-family: Tahoma, Arial, sans-serif;
        }

        .popup .close {
            position: absolute;
            top: 20px;
            right: 30px;
            transition: all 200ms;
            font-size: 30px;
            font-weight: bold;
            text-decoration: none;
            color: #333;
        }

        .popup .close:hover {
            color: #06D85F;
        }

        .popup .content {
            overflow: auto;
        }

        /*    Make Facts look like table*/
        .factTable {
            display: table;
        }

        .factRow {
            display: table-row;
        }

        .factRowHead {
            display: table-header-group;
            font-weight: bold;
        }

        .factCell, .factRowHead {
            display: table-cell;
            padding: 3px 10px;
            border: 1px solid #999999;
        }

        a, svg a text {
            text-decoration: none;
        }

        /* Some basic spacing for now  */
        section {
            border: 5px solid skyblue;
            border-radius: 5px;
            padding: 50px;
            margin: 20px;
        }

        article:nth-of-type(even) > section {
            border: 5px solid slategrey;
        }

        /* highlight key facts (generated at runtime) */
        span.highlight {
            border-radius: 25px;
            padding: 5px;
            color: black;
            background-color: palegreen;
            border: 1px solid blue;
        }
    </style>
</head>
<body>
<main role="main">
    <h1>Report 1</h1>
        <article id="5">
        <h2>First scenario</h2>
        <section class="description">
            <h3>Description</h3>
            First scenario description        </section>
                <section class="sequence diagram svg">
            <h3>Sequence Diagram</h3>
            <pre><?xml version="1.0" encoding="UTF-8"?>
<svg xmlns="http://www.w3.org/2000/svg" xmlns:xlink="http://www.w3.org/1999/xlink" contentScriptType="application/ecmascript" contentStyleType="text/css" height="260px" preserveAspectRatio="none" style="width:586px;height:260px;background:#FFFFFF;" version="1.1" viewBox="0 0 586 260" width="586px" zoomAndPan="magnify">
  <defs />
  <g>
    <line style="stroke:#000000;stroke-width:1.0;stroke-dasharray:5.0,5.0;" x1="31" x2="31" y1="85.0293" y2="164.6279" />
    <line style="stroke:#000000;stroke-width:1.0;stroke-dasharray:5.0,5.0;" x1="125.5" x2="125.5" y1="85.0293" y2="164.6279" />
    <line style="stroke:#000000;stroke-width:1.0;stroke-dasharray:5.0,5.0;" x1="197.5" x2="197.5" y1="85.0293" y2="164.6279" />
    <line style="stroke:#000000;stroke-width:1.0;stroke-dasharray:5.0,5.0;" x1="545" x2="545" y1="85.0293" y2="164.6279" />
    <text fill="#000000" font-family="Verdana" font-size="14" lengthAdjust="spacing" textLength="37" x="10" y="82.0898">Arnie</text>
    <ellipse cx="31.5" cy="16.0146" fill="#FFFFFF" rx="8" ry="8" style="stroke:#000000;stroke-width:1.0;" />
    <path d="M31.5,24.0146 L31.5,51.0146 M18.5,32.0146 L44.5,32.0146 M31.5,51.0146 L18.5,66.0146 M31.5,51.0146 L44.5,66.0146 " fill="none" style="stroke:#000000;stroke-width:1.0;" />
    <text fill="#000000" font-family="Verdana" font-size="14" lengthAdjust="spacing" textLength="37" x="10" y="177.7031">Arnie</text>
    <ellipse cx="31.5" cy="189.6426" fill="#FFFFFF" rx="8" ry="8" style="stroke:#000000;stroke-width:1.0;" />
    <path d="M31.5,197.6426 L31.5,224.6426 M18.5,205.6426 L44.5,205.6426 M31.5,224.6426 L18.5,239.6426 M31.5,224.6426 L44.5,239.6426 " fill="none" style="stroke:#000000;stroke-width:1.0;" />
    <text fill="#000000" font-family="Verdana" font-size="14" lengthAdjust="spacing" textLength="52" x="96.5" y="65.0752">Badboy</text>
    <text fill="#000000" font-family="Verdana" font-size="14" lengthAdjust="spacing" textLength="21" x="112" y="82.0898">DB</text>
    <path d="M107.5,15 C107.5,5 125.5,5 125.5,5 C125.5,5 143.5,5 143.5,15 L143.5,41 C143.5,51 125.5,51 125.5,51 C125.5,51 107.5,51 107.5,41 L107.5,15 " fill="#FFFFFF" style="stroke:#000000;stroke-width:1.5;" />
    <path d="M107.5,15 C107.5,25 125.5,25 125.5,25 C125.5,25 143.5,25 143.5,15 " fill="none" style="stroke:#000000;stroke-width:1.5;" />
    <text fill="#000000" font-family="Verdana" font-size="14" lengthAdjust="spacing" textLength="52" x="96.5" y="177.7031">Badboy</text>
    <text fill="#000000" font-family="Verdana" font-size="14" lengthAdjust="spacing" textLength="21" x="112" y="194.7178">DB</text>
    <path d="M107.5,207.6572 C107.5,197.6572 125.5,197.6572 125.5,197.6572 C125.5,197.6572 143.5,197.6572 143.5,207.6572 L143.5,233.6572 C143.5,243.6572 125.5,243.6572 125.5,243.6572 C125.5,243.6572 107.5,243.6572 107.5,233.6572 L107.5,207.6572 " fill="#FFFFFF" style="stroke:#000000;stroke-width:1.5;" />
    <path d="M107.5,207.6572 C107.5,217.6572 125.5,217.6572 125.5,217.6572 C125.5,217.6572 143.5,217.6572 143.5,207.6572 " fill="none" style="stroke:#000000;stroke-width:1.5;" />
    <rect fill="#FFFFFF" height="31.0146" style="stroke:#000000;stroke-width:1.0;" width="46" x="174.5" y="53.0146" />
    <text fill="#000000" font-family="Verdana" font-size="14" lengthAdjust="spacing" textLength="32" x="181.5" y="74.0898">Beta</text>
    <rect fill="#FFFFFF" height="31.0146" style="stroke:#000000;stroke-width:1.0;" width="46" x="174.5" y="163.6279" />
    <text fill="#000000" font-family="Verdana" font-size="14" lengthAdjust="spacing" textLength="32" x="181.5" y="184.7031">Beta</text>
    <rect fill="#FFFFFF" height="31.0146" style="stroke:#000000;stroke-width:1.0;" width="69" x="511" y="53.0146" />
    <text fill="#000000" font-family="Verdana" font-size="14" lengthAdjust="spacing" textLength="55" x="518" y="74.0898">Gamma</text>
    <rect fill="#FFFFFF" height="31.0146" style="stroke:#000000;stroke-width:1.0;" width="69" x="511" y="163.6279" />
    <text fill="#000000" font-family="Verdana" font-size="14" lengthAdjust="spacing" textLength="55" x="518" y="184.7031">Gamma</text>
    <polygon fill="#000000" points="42.5,112.8286,32.5,116.8286,42.5,120.8286,38.5,116.8286" style="stroke:#000000;stroke-width:1.0;" />
    <polygon fill="#000000" points="113.5,112.8286,123.5,116.8286,113.5,120.8286,117.5,116.8286" style="stroke:#000000;stroke-width:1.0;" />
    <line style="stroke:#000000;stroke-width:1.0;" x1="36.5" x2="119.5" y1="116.8286" y2="116.8286" />
    <a href="#1" target="_top" title="#1" xlink:actuate="onRequest" xlink:href="#1" xlink:show="new" xlink:title="#1" xlink:type="simple">
      <text fill="" font-family="Verdana" font-size="13" lengthAdjust="spacing" text-decoration="underline" textLength="70" x="48.5" y="112.0991">Message 1</text>
    </a>
    <line style="stroke:#000000;stroke-width:2.0;" x1="527.5" x2="537.5" y1="141.6279" y2="151.6279" />
    <line style="stroke:#000000;stroke-width:2.0;" x1="527.5" x2="537.5" y1="151.6279" y2="141.6279" />
    <line style="stroke:#000000;stroke-width:1.0;" x1="197.5" x2="532.5" y1="146.6279" y2="146.6279" />
    <a href="#2" target="_top" title="#2" xlink:actuate="onRequest" xlink:href="#2" xlink:show="new" xlink:title="#2" xlink:type="simple">
      <text fill="" font-family="Verdana" font-size="13" lengthAdjust="spacing" text-decoration="underline" textLength="324" x="204.5" y="141.8984">An interaction description that is long enough ...</text>
    </a>
  </g>
</svg>

</pre>
            <div onclick="location.href='#!';" id="6" class="overlay">
                <div class="popup" onclick="event.stopPropagation();">
                    <h2>PlantUml markup</h2>
                    <a class="close" href="#!">&times;</a>
                    <div class="content">
                        <pre><code>@startuml

!theme plain
hide unlinked

!include &lt;tupadr3/font-awesome-5/hamburger&gt;
!include &lt;tupadr3/font-awesome-5/heart&gt;

actor A as &quot;Arnie&quot;
boundary UnusedParticipant
database B as &quot;Badboy\nDB&quot;

A &lt;-&gt; B: &lt;text fill=&quot;&quot;&gt;[[#1 Message 1]]&lt;/text&gt;
Beta -&gt;x Gamma: &lt;text fill=&quot;&quot;&gt;[[#2 An interaction description that is long enough ...]]&lt;/text&gt;

@enduml</code></pre>
                    </div>
                </div>
            </div>
            <sub><a href="#6">[source]</a></sub>
        </section>
        <section class="component diagram svg">
            <h3>Component Diagram</h3>
            <pre><?xml version="1.0" encoding="UTF-8"?>
<svg xmlns="http://www.w3.org/2000/svg" xmlns:xlink="http://www.w3.org/1999/xlink" contentScriptType="application/ecmascript" contentStyleType="text/css" height="97px" preserveAspectRatio="none" style="width:522px;height:97px;background:#FFFFFF;" version="1.1" viewBox="0 0 522 97" width="522px" zoomAndPan="magnify">
  <defs />
  <g>
    <!--MD5=[770389ab9df153645bc6ef28055eb2b5]
entity A-->
    <ellipse cx="29.5" cy="19" fill="#FFFFFF" rx="8" ry="8" style="stroke:#000000;stroke-width:1.0;" />
    <path d="M29.5,27 L29.5,54 M16.5,35 L42.5,35 M29.5,54 L16.5,69 M29.5,54 L42.5,69 " fill="none" style="stroke:#000000;stroke-width:1.0;" />
    <text fill="#000000" font-family="Verdana" font-size="14" lengthAdjust="spacing" textLength="37" x="11" y="85.0752">Arnie</text>
    <!--MD5=[11436d03413a596fd34f129fa2a39195]
entity UnusedParticipant-->
    <!--MD5=[b2d39259b6aeabc16b394deeb0238426]
entity B-->
    <path d="M83.5,27.5 C83.5,17.5 119.5,17.5 119.5,17.5 C119.5,17.5 155.5,17.5 155.5,27.5 L155.5,70.5293 C155.5,80.5293 119.5,80.5293 119.5,80.5293 C119.5,80.5293 83.5,80.5293 83.5,70.5293 L83.5,27.5 " fill="#FFFFFF" style="stroke:#000000;stroke-width:1.0;" />
    <path d="M83.5,27.5 C83.5,37.5 119.5,37.5 119.5,37.5 C119.5,37.5 155.5,37.5 155.5,27.5 " fill="none" style="stroke:#000000;stroke-width:1.0;" />
    <text fill="#000000" font-family="Verdana" font-size="14" lengthAdjust="spacing" textLength="52" x="93.5" y="55.5752">Badboy</text>
    <text fill="#000000" font-family="Verdana" font-size="14" lengthAdjust="spacing" textLength="21" x="109" y="72.5898">DB</text>
    <!--MD5=[c5bdbf269431fcbe08f23a2cc9e0fa0e]
entity Beta-->
    <rect fill="#FFFFFF" height="47.0146" style="stroke:#000000;stroke-width:1.0;" width="72" x="190.5" y="25.5" />
    <rect fill="#FFFFFF" height="10" style="stroke:#000000;stroke-width:1.0;" width="15" x="242.5" y="30.5" />
    <rect fill="#FFFFFF" height="2" style="stroke:#000000;stroke-width:1.0;" width="4" x="240.5" y="32.5" />
    <rect fill="#FFFFFF" height="2" style="stroke:#000000;stroke-width:1.0;" width="4" x="240.5" y="36.5" />
    <text fill="#000000" font-family="Verdana" font-size="14" lengthAdjust="spacing" textLength="32" x="205.5" y="59.5752">Beta</text>
    <!--MD5=[44bcb140d634cc17b269275ddf80d2c7]
entity Gamma-->
    <ellipse cx="325.5" cy="19" fill="#FFFFFF" rx="8" ry="8" style="stroke:#000000;stroke-width:1.0;" />
    <path d="M325.5,27 L325.5,54 M312.5,35 L338.5,35 M325.5,54 L312.5,69 M325.5,54 L338.5,69 " fill="none" style="stroke:#000000;stroke-width:1.0;" />
    <text fill="#000000" font-family="Verdana" font-size="14" lengthAdjust="spacing" textLength="55" x="298" y="85.0752">Gamma</text>
    <!--MD5=[5e2eec62a50b26b6b0db6c12e4ee289c]
link A to B-->
    <path d="M48.13,49 C58.1,49 68.07,49 78.04,49 " fill="none" id="A-to-B" style="stroke:#000000;stroke-width:1.0;" />
    <polygon fill="#000000" points="83.26,49,74.26,45,78.26,49,74.26,53,83.26,49" style="stroke:#000000;stroke-width:1.0;" />
    <!--MD5=[6e425fb6b8b9080a9857e5ee88c53789]
link Beta to Gamma-->
    <path d="M262.85,49 C272.72,49 282.58,49 292.44,49 " fill="none" id="Beta-to-Gamma" style="stroke:#000000;stroke-width:1.0;" />
    <polygon fill="#000000" points="297.6,49,288.6,45,292.6,49,288.6,53,297.6,49" style="stroke:#000000;stroke-width:1.0;" />
  </g>
</svg>

</pre>
            <div onclick="location.href='#!';" id="7" class="overlay">
                <div class="popup" onclick="event.stopPropagation();">
                    <h2>PlantUml markup</h2>
                    <a class="close" href="#!">&times;</a>
                    <div class="content">
                        <pre><code>@startuml

!theme plain
actor A as &quot;Arnie&quot;
boundary UnusedParticipant
database B as &quot;Badboy\nDB&quot;

[A] -&gt; B
[Beta] -&gt; Gamma

hide @unlinked
@enduml</code></pre>
                    </div>
                </div>
            </div>
            <sub><a href="#7">[source]</a></sub>
        </section>
        <!-- Section containing data for sequence diagram popups -->
                <div onclick="location.href='#!';" id="1" class="overlay">
            <div class="popup" onclick="event.stopPropagation();">
                <h2>Message 1</h2>
                <a class="close" href="#!">&times;</a>
                <div class="content">
                    <pre>some data 1</pre>
                </div>
            </div>
        </div>
                <div onclick="location.href='#!';" id="2" class="overlay">
            <div class="popup" onclick="event.stopPropagation();">
                <h2>An interaction description that is long enough ...</h2>
                <a class="close" href="#!">&times;</a>
                <div class="content">
                    <pre>β</pre>
                </div>
            </div>
        </div>
            </article>
        <article id="8">
        <h2>Second scenario</h2>
        <section class="description">
            <h3>Description</h3>
            <p>A popup with a large amount of data that needs scrolling: <a href="#kljasdlfj">click me!</a><div id="kljasdlfj" class="overlay" onclick="location.href=&#x27;#!&#x27;;"><div class="popup" onclick="event.stopPropagation();"><h2>I am popup</h2><a class="close" href="#!">&times;</a><div class="content"><pre>Lorem ipsum dolor sit amet, consectetur adipiscing elit, sed do eiusmod tempor incididunt ut labore et dolore magna aliqua. Ut enim ad minim veniam, quis nostrud exercitation ullamco laboris nisi ut aliquip ex ea commodo consequat. Duis aute irure dolor in reprehenderit in voluptate velit esse cillum dolore eu fugiat nulla pariatur. Excepteur sint occaecat cupidatat non proident, sunt in culpa qui officia deserunt mollit anim id est laborum.</pre></div></div></div></p>        </section>
                <section class="facts">
            <h3>Key Facts</h3>
            <div class="factTable">
                <div class="factRow">
                    <div class="factRowHead">Description</div>
                    <div class="factRowHead">Value</div>
                </div>
                                <div class="factRow">
                    <div class="factCell">Something to highlight</div>
                    <div class="factCell">Lorem</div>
                </div>
                                <div class="factRow">
                    <div class="factCell">Something else to highlight</div>
                    <div class="factCell">amet</div>
                </div>
                                <div class="factRow">
                    <div class="factCell">Something else to highlight</div>
                    <div class="factCell">consectetur</div>
                </div>
                                <div class="factRow">
                    <div class="factCell">Something else to highlight</div>
                    <div class="factCell">Thank you!</div>
                </div>
                            </div>
        </section>
                <section class="sequence diagram svg">
            <h3>Sequence Diagram</h3>
            <pre><?xml version="1.0" encoding="UTF-8"?>
<svg xmlns="http://www.w3.org/2000/svg" xmlns:xlink="http://www.w3.org/1999/xlink" contentScriptType="application/ecmascript" contentStyleType="text/css" height="301px" preserveAspectRatio="none" style="width:297px;height:301px;background:#FFFFFF;" version="1.1" viewBox="0 0 297 301" width="297px" zoomAndPan="magnify">
  <defs />
  <g>
    <line style="stroke:#000000;stroke-width:1.0;stroke-dasharray:5.0,5.0;" x1="107" x2="107" y1="85.0293" y2="128.2293" />
    <line style="stroke:#000000;stroke-width:1.0;stroke-dasharray:1.0,4.0;" x1="107" x2="107" y1="128.2293" y2="156.2293" />
    <line style="stroke:#000000;stroke-width:1.0;stroke-dasharray:5.0,5.0;" x1="107" x2="107" y1="156.2293" y2="205.4293" />
    <line style="stroke:#000000;stroke-width:1.0;stroke-dasharray:5.0,5.0;" x1="262.5" x2="262.5" y1="85.0293" y2="128.2293" />
    <line style="stroke:#000000;stroke-width:1.0;stroke-dasharray:1.0,4.0;" x1="262.5" x2="262.5" y1="128.2293" y2="156.2293" />
    <line style="stroke:#000000;stroke-width:1.0;stroke-dasharray:5.0,5.0;" x1="262.5" x2="262.5" y1="156.2293" y2="205.4293" />
    <text fill="#000000" font-family="Verdana" font-size="14" lengthAdjust="spacing" textLength="37" x="86" y="82.0898">Arnie</text>
    <ellipse cx="107.5" cy="16.0146" fill="#FFFFFF" rx="8" ry="8" style="stroke:#000000;stroke-width:1.0;" />
    <path d="M107.5,24.0146 L107.5,51.0146 M94.5,32.0146 L120.5,32.0146 M107.5,51.0146 L94.5,66.0146 M107.5,51.0146 L120.5,66.0146 " fill="none" style="stroke:#000000;stroke-width:1.0;" />
    <text fill="#000000" font-family="Verdana" font-size="14" lengthAdjust="spacing" textLength="37" x="86" y="218.5045">Arnie</text>
    <ellipse cx="107.5" cy="230.4439" fill="#FFFFFF" rx="8" ry="8" style="stroke:#000000;stroke-width:1.0;" />
    <path d="M107.5,238.4439 L107.5,265.4439 M94.5,246.4439 L120.5,246.4439 M107.5,265.4439 L94.5,280.4439 M107.5,265.4439 L120.5,280.4439 " fill="none" style="stroke:#000000;stroke-width:1.0;" />
    <text fill="#000000" font-family="Verdana" font-size="14" lengthAdjust="spacing" textLength="52" x="233.5" y="65.0752">Badboy</text>
    <text fill="#000000" font-family="Verdana" font-size="14" lengthAdjust="spacing" textLength="21" x="249" y="82.0898">DB</text>
    <path d="M244.5,15 C244.5,5 262.5,5 262.5,5 C262.5,5 280.5,5 280.5,15 L280.5,41 C280.5,51 262.5,51 262.5,51 C262.5,51 244.5,51 244.5,41 L244.5,15 " fill="#FFFFFF" style="stroke:#000000;stroke-width:1.5;" />
    <path d="M244.5,15 C244.5,25 262.5,25 262.5,25 C262.5,25 280.5,25 280.5,15 " fill="none" style="stroke:#000000;stroke-width:1.5;" />
    <text fill="#000000" font-family="Verdana" font-size="14" lengthAdjust="spacing" textLength="52" x="233.5" y="218.5045">Badboy</text>
    <text fill="#000000" font-family="Verdana" font-size="14" lengthAdjust="spacing" textLength="21" x="249" y="235.5191">DB</text>
    <path d="M244.5,248.4586 C244.5,238.4586 262.5,238.4586 262.5,238.4586 C262.5,238.4586 280.5,238.4586 280.5,248.4586 L280.5,274.4586 C280.5,284.4586 262.5,284.4586 262.5,284.4586 C262.5,284.4586 244.5,284.4586 244.5,274.4586 L244.5,248.4586 " fill="#FFFFFF" style="stroke:#000000;stroke-width:1.5;" />
    <path d="M244.5,248.4586 C244.5,258.4586 262.5,258.4586 262.5,258.4586 C262.5,258.4586 280.5,258.4586 280.5,248.4586 " fill="none" style="stroke:#000000;stroke-width:1.5;" />
    <line style="stroke:#FFA500;stroke-width:1.0;" x1="260.5" x2="250.5" y1="120.2293" y2="116.2293" />
    <line style="stroke:#FFA500;stroke-width:1.0;" x1="260.5" x2="250.5" y1="120.2293" y2="124.2293" />
    <line style="stroke:#FFA500;stroke-width:1.0;stroke-dasharray:2.0,2.0;" x1="107.5" x2="261.5" y1="120.2293" y2="120.2293" />
    <a href="#3" target="_top" title="#3" xlink:actuate="onRequest" xlink:href="#3" xlink:show="new" xlink:title="#3" xlink:type="simple">
      <text fill="orange" font-family="Verdana" font-size="13" lengthAdjust="spacing" text-decoration="underline" textLength="87" x="114.5" y="112.0991">Sending food</text>
    </a>
    <a href="#3" target="_top" title="#3" xlink:actuate="onRequest" xlink:href="#3" xlink:show="new" xlink:title="#3" xlink:type="simple">
      <image height="19" width="19" x="206.5" xlink:href="data:image/png;base64,iVBORw0KGgoAAAANSUhEUgAAABMAAAATCAIAAAD9MqGbAAAA9ElEQVR4Xp2TMQqDMBSGU0S6dquCnQrewsnByYMIbt6idCgUurk7uXiH3qHgIoJ0KCiCYKXwmlSD6SuE1J9v0OT/4hsigaUheEFI3+MVMdh8PMDzYLuF1QoIYRgGWylLVBTMuobdbmqPOM7Xq22zc7F5u4GmsW1RjuP5ebNhBV2HPBfMppk1sS1yOMB+Pz13HTejCPfk+D43kwTvyTkeuUlzvUKWKUGbY5h5v8P5zE5S4XKBquLm7zxy1mt4vRaZ9JK07cek01sWmKYqacqnHQYoij94PrkZBHgeOa7LzdMJ78kJQ27Sr6O7LoE2x+C/TD3LzTeit8koBlhA2AAAAABJRU5ErkJggg==" y="99.0293" />
    </a>
    <line style="stroke:#FF0000;stroke-width:1.0;" x1="107.5" x2="117.5" y1="182.729" y2="178.729" />
    <line style="stroke:#FF0000;stroke-width:1.0;" x1="107.5" x2="117.5" y1="182.729" y2="186.729" />
    <line style="stroke:#FF0000;stroke-width:1.0;stroke-dasharray:2.0,2.0;" x1="107.5" x2="261.5" y1="182.729" y2="182.729" />
    <a href="#4" target="_top" title="#4" xlink:actuate="onRequest" xlink:href="#4" xlink:show="new" xlink:title="#4" xlink:type="simple">
      <text fill="red" font-family="Verdana" font-size="13" lengthAdjust="spacing" text-decoration="underline" textLength="131" x="124.5" y="177.9995">Sending a response</text>
    </a>
    <path d="M10,161.2293 L10,190.2293 L103,190.2293 L103,171.2293 L93,161.2293 L10,161.2293 " fill="#FFFFFF" style="stroke:#000000;stroke-width:1.0;" />
    <path d="M93,161.2293 L93,171.2293 L103,171.2293 L93,161.2293 " fill="#FFFFFF" style="stroke:#000000;stroke-width:1.0;" />
    <text fill="#000000" font-family="Verdana" font-size="13" lengthAdjust="spacing" textLength="48" x="16" y="182.6998">Friends</text>
    <image height="19" width="19" x="69" xlink:href="data:image/png;base64,iVBORw0KGgoAAAANSUhEUgAAABMAAAATCAIAAAD9MqGbAAAA6klEQVR4Xp2SQQqCYBSElYR24sKV0AE8h+DaQwRewm3rFkIgrl20EjyAHaBb5NJ1pBS+nv+f9TdqgcOsZuZTlKfRUmkY3O+YSDUNBArpeWQYpGlkmhSGn3y77RPO12vyfXo8ZCzI240sq+9U2zZdr+Q4mLMFLMggwE56tcJEmt/8Isfdb/MTu24Rya7rpWTbCnKzweK3XXf4zstl9mdMuqoGknU+Yz3n00kSyiWUJek67sDH43v+fX1FgVPVea5uR3ebZQhIHw4wHJGsNEUsSXAzTbL2+w8WRdgKzZCs3a7H4hjzQfPkPy0nn8DR2HKC9FpXAAAAAElFTkSuQmCC" y="166.2293" />
  </g>
</svg>

</pre>
            <div onclick="location.href='#!';" id="9" class="overlay">
                <div class="popup" onclick="event.stopPropagation();">
                    <h2>PlantUml markup</h2>
                    <a class="close" href="#!">&times;</a>
                    <div class="content">
                        <pre><code>@startuml

!theme plain
hide unlinked

!include &lt;tupadr3/font-awesome-5/hamburger&gt;
!include &lt;tupadr3/font-awesome-5/heart&gt;

actor A as &quot;Arnie&quot;
boundary UnusedParticipant
database B as &quot;Badboy\nDB&quot;

A --[#orange]&gt;&gt; B: &lt;text fill=&quot;orange&quot;&gt;[[#3 Sending food &lt;$hamburger{scale=0.4}&gt;]]&lt;/text&gt;
...
B --[#red]&gt;&gt; A: &lt;text fill=&quot;red&quot;&gt;[[#4 Sending a response]]&lt;/text&gt;
note left: Friends &lt;$heart{scale=0.4,color=red}&gt;

@enduml</code></pre>
                    </div>
                </div>
            </div>
            <sub><a href="#9">[source]</a></sub>
        </section>
        <section class="component diagram svg">
            <h3>Component Diagram</h3>
            <pre><?xml version="1.0" encoding="UTF-8"?>
<svg xmlns="http://www.w3.org/2000/svg" xmlns:xlink="http://www.w3.org/1999/xlink" contentScriptType="application/ecmascript" contentStyleType="text/css" height="97px" preserveAspectRatio="none" style="width:325px;height:97px;background:#FFFFFF;" version="1.1" viewBox="0 0 325 97" width="325px" zoomAndPan="magnify">
  <defs />
  <g>
    <!--MD5=[770389ab9df153645bc6ef28055eb2b5]
entity A-->
    <ellipse cx="29.5" cy="19" fill="#FFFFFF" rx="8" ry="8" style="stroke:#000000;stroke-width:1.0;" />
    <path d="M29.5,27 L29.5,54 M16.5,35 L42.5,35 M29.5,54 L16.5,69 M29.5,54 L42.5,69 " fill="none" style="stroke:#000000;stroke-width:1.0;" />
    <text fill="#000000" font-family="Verdana" font-size="14" lengthAdjust="spacing" textLength="37" x="11" y="85.0752">Arnie</text>
    <!--MD5=[11436d03413a596fd34f129fa2a39195]
entity UnusedParticipant-->
    <!--MD5=[b2d39259b6aeabc16b394deeb0238426]
entity B-->
    <path d="M83.5,27.5 C83.5,17.5 119.5,17.5 119.5,17.5 C119.5,17.5 155.5,17.5 155.5,27.5 L155.5,70.5293 C155.5,80.5293 119.5,80.5293 119.5,80.5293 C119.5,80.5293 83.5,80.5293 83.5,70.5293 L83.5,27.5 " fill="#FFFFFF" style="stroke:#000000;stroke-width:1.0;" />
    <path d="M83.5,27.5 C83.5,37.5 119.5,37.5 119.5,37.5 C119.5,37.5 155.5,37.5 155.5,27.5 " fill="none" style="stroke:#000000;stroke-width:1.0;" />
    <text fill="#000000" font-family="Verdana" font-size="14" lengthAdjust="spacing" textLength="52" x="93.5" y="55.5752">Badboy</text>
    <text fill="#000000" font-family="Verdana" font-size="14" lengthAdjust="spacing" textLength="21" x="109" y="72.5898">DB</text>
    <!--MD5=[5e2eec62a50b26b6b0db6c12e4ee289c]
link A to B-->
    <path d="M48.13,49 C58.1,49 68.07,49 78.04,49 " fill="none" id="A-to-B" style="stroke:#000000;stroke-width:1.0;" />
    <polygon fill="#000000" points="83.26,49,74.26,45,78.26,49,74.26,53,83.26,49" style="stroke:#000000;stroke-width:1.0;" />
  </g>
</svg>

</pre>
            <div onclick="location.href='#!';" id="10" class="overlay">
                <div class="popup" onclick="event.stopPropagation();">
                    <h2>PlantUml markup</h2>
                    <a class="close" href="#!">&times;</a>
                    <div class="content">
                        <pre><code>@startuml

!theme plain
actor A as &quot;Arnie&quot;
boundary UnusedParticipant
database B as &quot;Badboy\nDB&quot;

[A] -&gt; B

hide @unlinked
@enduml</code></pre>
                    </div>
                </div>
            </div>
            <sub><a href="#10">[source]</a></sub>
        </section>
        <!-- Section containing data for sequence diagram popups -->
                <div onclick="location.href='#!';" id="3" class="overlay">
            <div class="popup" onclick="event.stopPropagation();">
                <h2>Sending food </h2>
                <a class="close" href="#!">&times;</a>
                <div class="content">
                    <pre></pre>
                </div>
            </div>
        </div>
                <div onclick="location.href='#!';" id="4" class="overlay">
            <div class="popup" onclick="event.stopPropagation();">
                <h2>Sending a response</h2>
                <a class="close" href="#!">&times;</a>
                <div class="content">
                    <pre>Thank You!</pre>
                </div>
            </div>
        </div>
            </article>
    </main>
</body>
<footer>
    <link rel="stylesheet"
          href="https://cdn.jsdelivr.net/gh/highlightjs/cdn-release@11.0.0/build/styles/default.min.css">
    <script src="https://cdn.jsdelivr.net/gh/highlightjs/cdn-release@11.0.0/build/highlight.min.js"></script>
    <script>hljs.highlightAll();</script>

    <script src="https://cdnjs.cloudflare.com/ajax/libs/mark.js/8.11.1/mark.min.js"></script>
    <script>
        var options = { 
                "element": "span", 
                "className": "highlight", 
                "separateWordSearch": false,
                "acrossElements": true,
                "accuracy": { 
                    "value": "exactly", "limiters": [",", ".", ";", ":", "-"] 
                } 
        }
                                                        var instance = new Mark(document.querySelector("article[id='8']")); 
                                    instance.mark("Lorem", options);
                                    instance.mark("amet", options);
                                    instance.mark("consectetur", options);
                                    instance.mark("Thank you!", options);
                                            <!-- Remove highlights in svg (causes text to disappear) -->
        instance = new Mark(document.querySelectorAll("svg"));
        instance.unmark();
    </script>
</footer>
</html>
