@startuml
!pragma layout smetana
!theme plain
skinparam backgroundColor transparent

actor Nick


[A] --> B


remove @unlinked
@enduml