@startuml
!pragma layout smetana
!theme plain
skinparam backgroundColor transparent

component FixesFrom
component FixesTo


[FixesFrom] --> FixesTo


remove @unlinked
@enduml