@startuml
!pragma layout smetana
!theme plain
skinparam backgroundColor transparent

component A
component B


[A] --> B


remove @unlinked
@enduml